0 verbose cli /usr/local/Cellar/node@22/22.23.1/bin/node /usr/local/opt/node@22/bin/npm
1 info using npm@10.9.8
2 info using node@v22.23.1
3 silly config load:file:/usr/local/Cellar/node@22/22.23.1/lib/node_modules/npm/npmrc
4 silly config load:file:/Users/a6/Desktop/TRPG-agent-integration-mvp/trpg-sdk/.npmrc
5 silly config load:file:/Users/a6/.npmrc
6 silly config load:file:/usr/local/etc/npmrc
7 verbose title npm ci
8 verbose argv "ci"
9 verbose logfile logs-max:10 dir:/Users/a6/Desktop/TRPG-agent-integration-mvp/.npm-cache/_logs/2026-07-28T08_36_39_487Z-
10 verbose logfile /Users/a6/Desktop/TRPG-agent-integration-mvp/.npm-cache/_logs/2026-07-28T08_36_39_487Z-debug-0.log
11 silly logfile done cleaning log files
12 silly packumentCache heap:4345298944 maxSize:1086324736 maxEntrySize:543162368
13 silly idealTree buildDeps
14 silly reify moves {}
15 silly audit bulk request {
15 silly audit   '@apidevtools/json-schema-ref-parser': [ '11.9.3' ],
15 silly audit   '@babel/code-frame': [ '7.29.7' ],
15 silly audit   '@babel/helper-validator-identifier': [ '7.29.7' ],
15 silly audit   '@esbuild/aix-ppc64': [ '0.28.1' ],
15 silly audit   '@esbuild/android-arm': [ '0.28.1' ],
15 silly audit   '@esbuild/android-arm64': [ '0.28.1' ],
15 silly audit   '@esbuild/android-x64': [ '0.28.1' ],
15 silly audit   '@esbuild/darwin-arm64': [ '0.28.1' ],
15 silly audit   '@esbuild/darwin-x64': [ '0.28.1' ],
15 silly audit   '@esbuild/freebsd-arm64': [ '0.28.1' ],
15 silly audit   '@esbuild/freebsd-x64': [ '0.28.1' ],
15 silly audit   '@esbuild/linux-arm': [ '0.28.1' ],
15 silly audit   '@esbuild/linux-arm64': [ '0.28.1' ],
15 silly audit   '@esbuild/linux-ia32': [ '0.28.1' ],
15 silly audit   '@esbuild/linux-loong64': [ '0.28.1' ],
15 silly audit   '@esbuild/linux-mips64el': [ '0.28.1' ],
15 silly audit   '@esbuild/linux-ppc64': [ '0.28.1' ],
15 silly audit   '@esbuild/linux-riscv64': [ '0.28.1' ],
15 silly audit   '@esbuild/linux-s390x': [ '0.28.1' ],
15 silly audit   '@esbuild/linux-x64': [ '0.28.1' ],
15 silly audit   '@esbuild/netbsd-arm64': [ '0.28.1' ],
15 silly audit   '@esbuild/netbsd-x64': [ '0.28.1' ],
15 silly audit   '@esbuild/openbsd-arm64': [ '0.28.1' ],
15 silly audit   '@esbuild/openbsd-x64': [ '0.28.1' ],
15 silly audit   '@esbuild/openharmony-arm64': [ '0.28.1' ],
15 silly audit   '@esbuild/sunos-x64': [ '0.28.1' ],
15 silly audit   '@esbuild/win32-arm64': [ '0.28.1' ],
15 silly audit   '@esbuild/win32-ia32': [ '0.28.1' ],
15 silly audit   '@esbuild/win32-x64': [ '0.28.1' ],
15 silly audit   '@eslint-community/eslint-utils': [ '4.9.1' ],
15 silly audit   'eslint-visitor-keys': [ '3.4.3', '5.0.1', '4.2.1' ],
15 silly audit   '@eslint-community/regexpp': [ '4.12.2' ],
15 silly audit   '@eslint/config-array': [ '0.21.2' ],
15 silly audit   '@eslint/config-helpers': [ '0.4.2' ],
15 silly audit   '@eslint/core': [ '0.17.0' ],
15 silly audit   '@eslint/eslintrc': [ '3.3.6' ],
15 silly audit   '@eslint/js': [ '9.39.5' ],
15 silly audit   '@eslint/object-schema': [ '2.1.7' ],
15 silly audit   '@eslint/plugin-kit': [ '0.4.1' ],
15 silly audit   '@humanfs/core': [ '0.19.2' ],
15 silly audit   '@humanfs/node': [ '0.16.8' ],
15 silly audit   '@humanfs/types': [ '0.15.0' ],
15 silly audit   '@humanwhocodes/module-importer': [ '1.0.1' ],
15 silly audit   '@humanwhocodes/retry': [ '0.4.3' ],
15 silly audit   '@jridgewell/gen-mapping': [ '0.3.13' ],
15 silly audit   '@jridgewell/remapping': [ '2.3.5' ],
15 silly audit   '@jridgewell/resolve-uri': [ '3.1.2' ],
15 silly audit   '@jridgewell/sourcemap-codec': [ '1.5.5' ],
15 silly audit   '@jridgewell/trace-mapping': [ '0.3.31' ],
15 silly audit   '@jsdevtools/ono': [ '7.1.3' ],
15 silly audit   '@rollup/plugin-node-resolve': [ '15.3.1' ],
15 silly audit   '@rollup/plugin-typescript': [ '12.3.0' ],
15 silly audit   '@rollup/pluginutils': [ '5.4.0' ],
15 silly audit   '@rollup/rollup-android-arm-eabi': [ '4.62.2' ],
15 silly audit   '@rollup/rollup-android-arm64': [ '4.62.2' ],
15 silly audit   '@rollup/rollup-darwin-arm64': [ '4.62.2' ],
15 silly audit   '@rollup/rollup-darwin-x64': [ '4.62.2' ],
15 silly audit   '@rollup/rollup-freebsd-arm64': [ '4.62.2' ],
15 silly audit   '@rollup/rollup-freebsd-x64': [ '4.62.2' ],
15 silly audit   '@rollup/rollup-linux-arm-gnueabihf': [ '4.62.2' ],
15 silly audit   '@rollup/rollup-linux-arm-musleabihf': [ '4.62.2' ],
15 silly audit   '@rollup/rollup-linux-arm64-gnu': [ '4.62.2' ],
15 silly audit   '@rollup/rollup-linux-arm64-musl': [ '4.62.2' ],
15 silly audit   '@rollup/rollup-linux-loong64-gnu': [ '4.62.2' ],
15 silly audit   '@rollup/rollup-linux-loong64-musl': [ '4.62.2' ],
15 silly audit   '@rollup/rollup-linux-ppc64-gnu': [ '4.62.2' ],
15 silly audit   '@rollup/rollup-linux-ppc64-musl': [ '4.62.2' ],
15 silly audit   '@rollup/rollup-linux-riscv64-gnu': [ '4.62.2' ],
15 silly audit   '@rollup/rollup-linux-riscv64-musl': [ '4.62.2' ],
15 silly audit   '@rollup/rollup-linux-s390x-gnu': [ '4.62.2' ],
15 silly audit   '@rollup/rollup-linux-x64-gnu': [ '4.62.2' ],
15 silly audit   '@rollup/rollup-linux-x64-musl': [ '4.62.2' ],
15 silly audit   '@rollup/rollup-openbsd-x64': [ '4.62.2' ],
15 silly audit   '@rollup/rollup-openharmony-arm64': [ '4.62.2' ],
15 silly audit   '@rollup/rollup-win32-arm64-msvc': [ '4.62.2' ],
15 silly audit   '@rollup/rollup-win32-ia32-msvc': [ '4.62.2' ],
15 silly audit   '@rollup/rollup-win32-x64-gnu': [ '4.62.2' ],
15 silly audit   '@rollup/rollup-win32-x64-msvc': [ '4.62.2' ],
15 silly audit   '@types/estree': [ '1.0.9' ],
15 silly audit   '@types/json-schema': [ '7.0.15' ],
15 silly audit   '@types/lodash': [ '4.17.24' ],
15 silly audit   '@types/node': [ '26.1.1' ],
15 silly audit   '@types/resolve': [ '1.20.2' ],
15 silly audit   '@typescript-eslint/eslint-plugin': [ '8.64.0' ],
15 silly audit   ignore: [ '7.0.6', '5.3.2' ],
15 silly audit   '@typescript-eslint/parser': [ '8.64.0' ],
15 silly audit   '@typescript-eslint/project-service': [ '8.64.0' ],
15 silly audit   '@typescript-eslint/scope-manager': [ '8.64.0' ],
15 silly audit   '@typescript-eslint/tsconfig-utils': [ '8.64.0' ],
15 silly audit   '@typescript-eslint/type-utils': [ '8.64.0' ],
15 silly audit   '@typescript-eslint/types': [ '8.64.0' ],
15 silly audit   '@typescript-eslint/typescript-estree': [ '8.64.0' ],
15 silly audit   'balanced-match': [ '4.0.4', '1.0.2' ],
15 silly audit   'brace-expansion': [ '5.0.7', '1.1.16' ],
15 silly audit   minimatch: [ '10.2.5', '3.1.5' ],
15 silly audit   '@typescript-eslint/utils': [ '8.64.0' ],
15 silly audit   '@typescript-eslint/visitor-keys': [ '8.64.0' ],
15 silly audit   acorn: [ '8.17.0' ],
15 silly audit   'acorn-jsx': [ '5.3.2' ],
15 silly audit   ajv: [ '6.15.0' ],
15 silly audit   'ansi-styles': [ '4.3.0' ],
15 silly audit   argparse: [ '2.0.1' ],
15 silly audit   callsites: [ '3.1.0' ],
15 silly audit   chalk: [ '4.1.2' ],
15 silly audit   'color-convert': [ '2.0.1' ],
15 silly audit   'color-name': [ '1.1.4' ],
15 silly audit   'concat-map': [ '0.0.1' ],
15 silly audit   'convert-source-map': [ '2.0.0' ],
15 silly audit   'cross-spawn': [ '7.0.6' ],
15 silly audit   debug: [ '4.4.3' ],
15 silly audit   'deep-is': [ '0.1.4' ],
15 silly audit   deepmerge: [ '4.3.1' ],
15 silly audit   'es-errors': [ '1.3.0' ],
15 silly audit   esbuild: [ '0.28.1' ],
15 silly audit   'escape-string-regexp': [ '4.0.0' ],
15 silly audit   eslint: [ '9.39.5' ],
15 silly audit   'eslint-scope': [ '8.4.0' ],
15 silly audit   espree: [ '10.4.0' ],
15 silly audit   esquery: [ '1.7.0' ],
15 silly audit   esrecurse: [ '4.3.0' ],
15 silly audit   estraverse: [ '5.3.0' ],
15 silly audit   'estree-walker': [ '2.0.2' ],
15 silly audit   esutils: [ '2.0.3' ],
15 silly audit   'fast-deep-equal': [ '3.1.3' ],
15 silly audit   'fast-json-stable-stringify': [ '2.1.0' ],
15 silly audit   'fast-levenshtein': [ '2.0.6' ],
15 silly audit   fdir: [ '6.5.0' ],
15 silly audit   'file-entry-cache': [ '8.0.0' ],
15 silly audit   'find-up': [ '5.0.0' ],
15 silly audit   'flat-cache': [ '4.0.1' ],
15 silly audit   flatted: [ '3.4.2' ],
15 silly audit   fsevents: [ '2.3.3' ],
15 silly audit   'function-bind': [ '1.1.2' ],
15 silly audit   'glob-parent': [ '6.0.2' ],
15 silly audit   globals: [ '14.0.0' ],
15 silly audit   'has-flag': [ '4.0.0' ],
15 silly audit   hasown: [ '2.0.4' ],
15 silly audit   'import-fresh': [ '3.3.1' ],
15 silly audit   imurmurhash: [ '0.1.4' ],
15 silly audit   'is-core-module': [ '2.16.2' ],
15 silly audit   'is-extglob': [ '2.1.1' ],
15 silly audit   'is-glob': [ '4.0.3' ],
15 silly audit   'is-module': [ '1.0.0' ],
15 silly audit   isexe: [ '2.0.0' ],
15 silly audit   'js-tokens': [ '4.0.0' ],
15 silly audit   'js-yaml': [ '4.3.0' ],
15 silly audit   'json-buffer': [ '3.0.1' ],
15 silly audit   'json-schema-to-typescript': [ '15.0.4' ],
15 silly audit   'json-schema-traverse': [ '0.4.1' ],
15 silly audit   'json-stable-stringify-without-jsonify': [ '1.0.1' ],
15 silly audit   keyv: [ '4.5.4' ],
15 silly audit   levn: [ '0.4.1' ],
15 silly audit   'locate-path': [ '6.0.0' ],
15 silly audit   lodash: [ '4.18.1' ],
15 silly audit   'lodash.merge': [ '4.6.2' ],
15 silly audit   'magic-string': [ '0.30.21' ],
15 silly audit   minimist: [ '1.2.8' ],
15 silly audit   ms: [ '2.1.3' ],
15 silly audit   'natural-compare': [ '1.4.0' ],
15 silly audit   optionator: [ '0.9.4' ],
15 silly audit   'p-limit': [ '3.1.0' ],
15 silly audit   'p-locate': [ '5.0.0' ],
15 silly audit   'parent-module': [ '1.0.1' ],
15 silly audit   'path-exists': [ '4.0.0' ],
15 silly audit   'path-key': [ '3.1.1' ],
15 silly audit   'path-parse': [ '1.0.7' ],
15 silly audit   picocolors: [ '1.1.1' ],
15 silly audit   picomatch: [ '4.0.5' ],
15 silly audit   'prelude-ls': [ '1.2.1' ],
15 silly audit   prettier: [ '3.9.5' ],
15 silly audit   punycode: [ '2.3.1' ],
15 silly audit   resolve: [ '1.22.12' ],
15 silly audit   'resolve-from': [ '4.0.0' ],
15 silly audit   rollup: [ '4.62.2' ],
15 silly audit   'rollup-plugin-dts': [ '6.4.1' ],
15 silly audit   semver: [ '7.8.5' ],
15 silly audit   'shebang-command': [ '2.0.0' ],
15 silly audit   'shebang-regex': [ '3.0.0' ],
15 silly audit   'strip-json-comments': [ '3.1.1' ],
15 silly audit   'supports-color': [ '7.2.0' ],
15 silly audit   'supports-preserve-symlinks-flag': [ '1.0.0' ],
15 silly audit   tinyglobby: [ '0.2.17' ],
15 silly audit   'ts-api-utils': [ '2.5.0' ],
15 silly audit   tslib: [ '2.8.1' ],
15 silly audit   tsx: [ '4.23.1' ],
15 silly audit   'type-check': [ '0.4.0' ],
15 silly audit   typescript: [ '5.9.3' ],
15 silly audit   'typescript-eslint': [ '8.64.0' ],
15 silly audit   'undici-types': [ '8.3.0' ],
15 silly audit   'uri-js': [ '4.4.1' ],
15 silly audit   which: [ '2.0.2' ],
15 silly audit   'word-wrap': [ '1.2.5' ],
15 silly audit   'yocto-queue': [ '0.1.0' ]
15 silly audit }
16 verbose reify failed optional dependency /Users/a6/Desktop/TRPG-agent-integration-mvp/trpg-sdk/node_modules/@rollup/rollup-win32-x64-msvc
17 silly reify mark deleted [
17 silly reify   '/Users/a6/Desktop/TRPG-agent-integration-mvp/trpg-sdk/node_modules/@rollup/rollup-win32-x64-msvc'
17 silly reify ]
18 verbose reify failed optional dependency /Users/a6/Desktop/TRPG-agent-integration-mvp/trpg-sdk/node_modules/@rollup/rollup-win32-x64-gnu
19 silly reify mark deleted [
19 silly reify   '/Users/a6/Desktop/TRPG-agent-integration-mvp/trpg-sdk/node_modules/@rollup/rollup-win32-x64-gnu'
19 silly reify ]
20 verbose reify failed optional dependency /Users/a6/Desktop/TRPG-agent-integration-mvp/trpg-sdk/node_modules/@rollup/rollup-win32-ia32-msvc
21 silly reify mark deleted [
21 silly reify   '/Users/a6/Desktop/TRPG-agent-integration-mvp/trpg-sdk/node_modules/@rollup/rollup-win32-ia32-msvc'
21 silly reify ]
22 verbose reify failed optional dependency /Users/a6/Desktop/TRPG-agent-integration-mvp/trpg-sdk/node_modules/@rollup/rollup-win32-arm64-msvc
23 silly reify mark deleted [
23 silly reify   '/Users/a6/Desktop/TRPG-agent-integration-mvp/trpg-sdk/node_modules/@rollup/rollup-win32-arm64-msvc'
23 silly reify ]
24 verbose reify failed optional dependency /Users/a6/Desktop/TRPG-agent-integration-mvp/trpg-sdk/node_modules/@rollup/rollup-openharmony-arm64
25 silly reify mark deleted [
25 silly reify   '/Users/a6/Desktop/TRPG-agent-integration-mvp/trpg-sdk/node_modules/@rollup/rollup-openharmony-arm64'
25 silly reify ]
26 verbose reify failed optional dependency /Users/a6/Desktop/TRPG-agent-integration-mvp/trpg-sdk/node_modules/@rollup/rollup-openbsd-x64
27 silly reify mark deleted [
27 silly reify   '/Users/a6/Desktop/TRPG-agent-integration-mvp/trpg-sdk/node_modules/@rollup/rollup-openbsd-x64'
27 silly reify ]
28 verbose reify failed optional dependency /Users/a6/Desktop/TRPG-agent-integration-mvp/trpg-sdk/node_modules/@rollup/rollup-linux-x64-musl
29 silly reify mark deleted [
29 silly reify   '/Users/a6/Desktop/TRPG-agent-integration-mvp/trpg-sdk/node_modules/@rollup/rollup-linux-x64-musl'
29 silly reify ]
30 verbose reify failed optional dependency /Users/a6/Desktop/TRPG-agent-integration-mvp/trpg-sdk/node_modules/@rollup/rollup-linux-x64-gnu
31 silly reify mark deleted [
31 silly reify   '/Users/a6/Desktop/TRPG-agent-integration-mvp/trpg-sdk/node_modules/@rollup/rollup-linux-x64-gnu'
31 silly reify ]
32 verbose reify failed optional dependency /Users/a6/Desktop/TRPG-agent-integration-mvp/trpg-sdk/node_modules/@rollup/rollup-linux-s390x-gnu
33 silly reify mark deleted [
33 silly reify   '/Users/a6/Desktop/TRPG-agent-integration-mvp/trpg-sdk/node_modules/@rollup/rollup-linux-s390x-gnu'
33 silly reify ]
34 verbose reify failed optional dependency /Users/a6/Desktop/TRPG-agent-integration-mvp/trpg-sdk/node_modules/@rollup/rollup-linux-riscv64-musl
35 silly reify mark deleted [
35 silly reify   '/Users/a6/Desktop/TRPG-agent-integration-mvp/trpg-sdk/node_modules/@rollup/rollup-linux-riscv64-musl'
35 silly reify ]
36 verbose reify failed optional dependency /Users/a6/Desktop/TRPG-agent-integration-mvp/trpg-sdk/node_modules/@rollup/rollup-linux-riscv64-gnu
37 silly reify mark deleted [
37 silly reify   '/Users/a6/Desktop/TRPG-agent-integration-mvp/trpg-sdk/node_modules/@rollup/rollup-linux-riscv64-gnu'
37 silly reify ]
38 verbose reify failed optional dependency /Users/a6/Desktop/TRPG-agent-integration-mvp/trpg-sdk/node_modules/@rollup/rollup-linux-ppc64-musl
39 silly reify mark deleted [
39 silly reify   '/Users/a6/Desktop/TRPG-agent-integration-mvp/trpg-sdk/node_modules/@rollup/rollup-linux-ppc64-musl'
39 silly reify ]
40 verbose reify failed optional dependency /Users/a6/Desktop/TRPG-agent-integration-mvp/trpg-sdk/node_modules/@rollup/rollup-linux-ppc64-gnu
41 silly reify mark deleted [
41 silly reify   '/Users/a6/Desktop/TRPG-agent-integration-mvp/trpg-sdk/node_modules/@rollup/rollup-linux-ppc64-gnu'
41 silly reify ]
42 verbose reify failed optional dependency /Users/a6/Desktop/TRPG-agent-integration-mvp/trpg-sdk/node_modules/@rollup/rollup-linux-loong64-musl
43 silly reify mark deleted [
43 silly reify   '/Users/a6/Desktop/TRPG-agent-integration-mvp/trpg-sdk/node_modules/@rollup/rollup-linux-loong64-musl'
43 silly reify ]
44 verbose reify failed optional dependency /Users/a6/Desktop/TRPG-agent-integration-mvp/trpg-sdk/node_modules/@rollup/rollup-linux-loong64-gnu
45 silly reify mark deleted [
45 silly reify   '/Users/a6/Desktop/TRPG-agent-integration-mvp/trpg-sdk/node_modules/@rollup/rollup-linux-loong64-gnu'
45 silly reify ]
46 verbose reify failed optional dependency /Users/a6/Desktop/TRPG-agent-integration-mvp/trpg-sdk/node_modules/@rollup/rollup-linux-arm64-musl
47 silly reify mark deleted [
47 silly reify   '/Users/a6/Desktop/TRPG-agent-integration-mvp/trpg-sdk/node_modules/@rollup/rollup-linux-arm64-musl'
47 silly reify ]
48 verbose reify failed optional dependency /Users/a6/Desktop/TRPG-agent-integration-mvp/trpg-sdk/node_modules/@rollup/rollup-linux-arm64-gnu
49 silly reify mark deleted [
49 silly reify   '/Users/a6/Desktop/TRPG-agent-integration-mvp/trpg-sdk/node_modules/@rollup/rollup-linux-arm64-gnu'
49 silly reify ]
50 verbose reify failed optional dependency /Users/a6/Desktop/TRPG-agent-integration-mvp/trpg-sdk/node_modules/@rollup/rollup-linux-arm-musleabihf
51 silly reify mark deleted [
51 silly reify   '/Users/a6/Desktop/TRPG-agent-integration-mvp/trpg-sdk/node_modules/@rollup/rollup-linux-arm-musleabihf'
51 silly reify ]
52 verbose reify failed optional dependency /Users/a6/Desktop/TRPG-agent-integration-mvp/trpg-sdk/node_modules/@rollup/rollup-linux-arm-gnueabihf
53 silly reify mark deleted [
53 silly reify   '/Users/a6/Desktop/TRPG-agent-integration-mvp/trpg-sdk/node_modules/@rollup/rollup-linux-arm-gnueabihf'
53 silly reify ]
54 verbose reify failed optional dependency /Users/a6/Desktop/TRPG-agent-integration-mvp/trpg-sdk/node_modules/@rollup/rollup-freebsd-x64
55 silly reify mark deleted [
55 silly reify   '/Users/a6/Desktop/TRPG-agent-integration-mvp/trpg-sdk/node_modules/@rollup/rollup-freebsd-x64'
55 silly reify ]
56 verbose reify failed optional dependency /Users/a6/Desktop/TRPG-agent-integration-mvp/trpg-sdk/node_modules/@rollup/rollup-freebsd-arm64
57 silly reify mark deleted [
57 silly reify   '/Users/a6/Desktop/TRPG-agent-integration-mvp/trpg-sdk/node_modules/@rollup/rollup-freebsd-arm64'
57 silly reify ]
58 verbose reify failed optional dependency /Users/a6/Desktop/TRPG-agent-integration-mvp/trpg-sdk/node_modules/@rollup/rollup-darwin-arm64
59 silly reify mark deleted [
59 silly reify   '/Users/a6/Desktop/TRPG-agent-integration-mvp/trpg-sdk/node_modules/@rollup/rollup-darwin-arm64'
59 silly reify ]
60 verbose reify failed optional dependency /Users/a6/Desktop/TRPG-agent-integration-mvp/trpg-sdk/node_modules/@rollup/rollup-android-arm64
61 silly reify mark deleted [
61 silly reify   '/Users/a6/Desktop/TRPG-agent-integration-mvp/trpg-sdk/node_modules/@rollup/rollup-android-arm64'
61 silly reify ]
62 verbose reify failed optional dependency /Users/a6/Desktop/TRPG-agent-integration-mvp/trpg-sdk/node_modules/@rollup/rollup-android-arm-eabi
63 silly reify mark deleted [
63 silly reify   '/Users/a6/Desktop/TRPG-agent-integration-mvp/trpg-sdk/node_modules/@rollup/rollup-android-arm-eabi'
63 silly reify ]
64 verbose reify failed optional dependency /Users/a6/Desktop/TRPG-agent-integration-mvp/trpg-sdk/node_modules/@esbuild/win32-x64
65 silly reify mark deleted [
65 silly reify   '/Users/a6/Desktop/TRPG-agent-integration-mvp/trpg-sdk/node_modules/@esbuild/win32-x64'
65 silly reify ]
66 verbose reify failed optional dependency /Users/a6/Desktop/TRPG-agent-integration-mvp/trpg-sdk/node_modules/@esbuild/win32-ia32
67 silly reify mark deleted [
67 silly reify   '/Users/a6/Desktop/TRPG-agent-integration-mvp/trpg-sdk/node_modules/@esbuild/win32-ia32'
67 silly reify ]
68 verbose reify failed optional dependency /Users/a6/Desktop/TRPG-agent-integration-mvp/trpg-sdk/node_modules/@esbuild/win32-arm64
69 silly reify mark deleted [
69 silly reify   '/Users/a6/Desktop/TRPG-agent-integration-mvp/trpg-sdk/node_modules/@esbuild/win32-arm64'
69 silly reify ]
70 verbose reify failed optional dependency /Users/a6/Desktop/TRPG-agent-integration-mvp/trpg-sdk/node_modules/@esbuild/sunos-x64
71 silly reify mark deleted [
71 silly reify   '/Users/a6/Desktop/TRPG-agent-integration-mvp/trpg-sdk/node_modules/@esbuild/sunos-x64'
71 silly reify ]
72 verbose reify failed optional dependency /Users/a6/Desktop/TRPG-agent-integration-mvp/trpg-sdk/node_modules/@esbuild/openharmony-arm64
73 silly reify mark deleted [
73 silly reify   '/Users/a6/Desktop/TRPG-agent-integration-mvp/trpg-sdk/node_modules/@esbuild/openharmony-arm64'
73 silly reify ]
74 verbose reify failed optional dependency /Users/a6/Desktop/TRPG-agent-integration-mvp/trpg-sdk/node_modules/@esbuild/openbsd-x64
75 silly reify mark deleted [
75 silly reify   '/Users/a6/Desktop/TRPG-agent-integration-mvp/trpg-sdk/node_modules/@esbuild/openbsd-x64'
75 silly reify ]
76 verbose reify failed optional dependency /Users/a6/Desktop/TRPG-agent-integration-mvp/trpg-sdk/node_modules/@esbuild/openbsd-arm64
77 silly reify mark deleted [
77 silly reify   '/Users/a6/Desktop/TRPG-agent-integration-mvp/trpg-sdk/node_modules/@esbuild/openbsd-arm64'
77 silly reify ]
78 verbose reify failed optional dependency /Users/a6/Desktop/TRPG-agent-integration-mvp/trpg-sdk/node_modules/@esbuild/netbsd-x64
79 silly reify mark deleted [
79 silly reify   '/Users/a6/Desktop/TRPG-agent-integration-mvp/trpg-sdk/node_modules/@esbuild/netbsd-x64'
79 silly reify ]
80 verbose reify failed optional dependency /Users/a6/Desktop/TRPG-agent-integration-mvp/trpg-sdk/node_modules/@esbuild/netbsd-arm64
81 silly reify mark deleted [
81 silly reify   '/Users/a6/Desktop/TRPG-agent-integration-mvp/trpg-sdk/node_modules/@esbuild/netbsd-arm64'
81 silly reify ]
82 verbose reify failed optional dependency /Users/a6/Desktop/TRPG-agent-integration-mvp/trpg-sdk/node_modules/@esbuild/linux-x64
83 silly reify mark deleted [
83 silly reify   '/Users/a6/Desktop/TRPG-agent-integration-mvp/trpg-sdk/node_modules/@esbuild/linux-x64'
83 silly reify ]
84 verbose reify failed optional dependency /Users/a6/Desktop/TRPG-agent-integration-mvp/trpg-sdk/node_modules/@esbuild/linux-s390x
85 silly reify mark deleted [
85 silly reify   '/Users/a6/Desktop/TRPG-agent-integration-mvp/trpg-sdk/node_modules/@esbuild/linux-s390x'
85 silly reify ]
86 verbose reify failed optional dependency /Users/a6/Desktop/TRPG-agent-integration-mvp/trpg-sdk/node_modules/@esbuild/linux-riscv64
87 silly reify mark deleted [
87 silly reify   '/Users/a6/Desktop/TRPG-agent-integration-mvp/trpg-sdk/node_modules/@esbuild/linux-riscv64'
87 silly reify ]
88 verbose reify failed optional dependency /Users/a6/Desktop/TRPG-agent-integration-mvp/trpg-sdk/node_modules/@esbuild/linux-ppc64
89 silly reify mark deleted [
89 silly reify   '/Users/a6/Desktop/TRPG-agent-integration-mvp/trpg-sdk/node_modules/@esbuild/linux-ppc64'
89 silly reify ]
90 verbose reify failed optional dependency /Users/a6/Desktop/TRPG-agent-integration-mvp/trpg-sdk/node_modules/@esbuild/linux-mips64el
91 silly reify mark deleted [
91 silly reify   '/Users/a6/Desktop/TRPG-agent-integration-mvp/trpg-sdk/node_modules/@esbuild/linux-mips64el'
91 silly reify ]
92 verbose reify failed optional dependency /Users/a6/Desktop/TRPG-agent-integration-mvp/trpg-sdk/node_modules/@esbuild/linux-loong64
93 silly reify mark deleted [
93 silly reify   '/Users/a6/Desktop/TRPG-agent-integration-mvp/trpg-sdk/node_modules/@esbuild/linux-loong64'
93 silly reify ]
94 verbose reify failed optional dependency /Users/a6/Desktop/TRPG-agent-integration-mvp/trpg-sdk/node_modules/@esbuild/linux-ia32
95 silly reify mark deleted [
95 silly reify   '/Users/a6/Desktop/TRPG-agent-integration-mvp/trpg-sdk/node_modules/@esbuild/linux-ia32'
95 silly reify ]
96 verbose reify failed optional dependency /Users/a6/Desktop/TRPG-agent-integration-mvp/trpg-sdk/node_modules/@esbuild/linux-arm64
97 silly reify mark deleted [
97 silly reify   '/Users/a6/Desktop/TRPG-agent-integration-mvp/trpg-sdk/node_modules/@esbuild/linux-arm64'
97 silly reify ]
98 verbose reify failed optional dependency /Users/a6/Desktop/TRPG-agent-integration-mvp/trpg-sdk/node_modules/@esbuild/linux-arm
99 silly reify mark deleted [
99 silly reify   '/Users/a6/Desktop/TRPG-agent-integration-mvp/trpg-sdk/node_modules/@esbuild/linux-arm'
99 silly reify ]
100 verbose reify failed optional dependency /Users/a6/Desktop/TRPG-agent-integration-mvp/trpg-sdk/node_modules/@esbuild/freebsd-x64
101 silly reify mark deleted [
101 silly reify   '/Users/a6/Desktop/TRPG-agent-integration-mvp/trpg-sdk/node_modules/@esbuild/freebsd-x64'
101 silly reify ]
102 verbose reify failed optional dependency /Users/a6/Desktop/TRPG-agent-integration-mvp/trpg-sdk/node_modules/@esbuild/freebsd-arm64
103 silly reify mark deleted [
103 silly reify   '/Users/a6/Desktop/TRPG-agent-integration-mvp/trpg-sdk/node_modules/@esbuild/freebsd-arm64'
103 silly reify ]
104 verbose reify failed optional dependency /Users/a6/Desktop/TRPG-agent-integration-mvp/trpg-sdk/node_modules/@esbuild/darwin-arm64
105 silly reify mark deleted [
105 silly reify   '/Users/a6/Desktop/TRPG-agent-integration-mvp/trpg-sdk/node_modules/@esbuild/darwin-arm64'
105 silly reify ]
106 verbose reify failed optional dependency /Users/a6/Desktop/TRPG-agent-integration-mvp/trpg-sdk/node_modules/@esbuild/android-x64
107 silly reify mark deleted [
107 silly reify   '/Users/a6/Desktop/TRPG-agent-integration-mvp/trpg-sdk/node_modules/@esbuild/android-x64'
107 silly reify ]
108 verbose reify failed optional dependency /Users/a6/Desktop/TRPG-agent-integration-mvp/trpg-sdk/node_modules/@esbuild/android-arm64
109 silly reify mark deleted [
109 silly reify   '/Users/a6/Desktop/TRPG-agent-integration-mvp/trpg-sdk/node_modules/@esbuild/android-arm64'
109 silly reify ]
110 verbose reify failed optional dependency /Users/a6/Desktop/TRPG-agent-integration-mvp/trpg-sdk/node_modules/@esbuild/android-arm
111 silly reify mark deleted [
111 silly reify   '/Users/a6/Desktop/TRPG-agent-integration-mvp/trpg-sdk/node_modules/@esbuild/android-arm'
111 silly reify ]
112 verbose reify failed optional dependency /Users/a6/Desktop/TRPG-agent-integration-mvp/trpg-sdk/node_modules/@esbuild/aix-ppc64
113 silly reify mark deleted [
113 silly reify   '/Users/a6/Desktop/TRPG-agent-integration-mvp/trpg-sdk/node_modules/@esbuild/aix-ppc64'
113 silly reify ]
114 http cache yocto-queue@https://registry.npmjs.org/yocto-queue/-/yocto-queue-0.1.0.tgz 0ms (cache hit)
115 http cache which@https://registry.npmjs.org/which/-/which-2.0.2.tgz 0ms (cache hit)
116 http cache uri-js@https://registry.npmjs.org/uri-js/-/uri-js-4.4.1.tgz 0ms (cache hit)
117 http cache word-wrap@https://registry.npmjs.org/word-wrap/-/word-wrap-1.2.5.tgz 0ms (cache hit)
118 http cache undici-types@https://registry.npmjs.org/undici-types/-/undici-types-8.3.0.tgz 0ms (cache hit)
119 http cache typescript-eslint@https://registry.npmjs.org/typescript-eslint/-/typescript-eslint-8.64.0.tgz 0ms (cache hit)
120 http cache typescript@https://registry.npmjs.org/typescript/-/typescript-5.9.3.tgz 0ms (cache hit)
121 http cache type-check@https://registry.npmjs.org/type-check/-/type-check-0.4.0.tgz 0ms (cache hit)
122 http cache tslib@https://registry.npmjs.org/tslib/-/tslib-2.8.1.tgz 0ms (cache hit)
123 http cache tsx@https://registry.npmjs.org/tsx/-/tsx-4.23.1.tgz 0ms (cache hit)
124 http cache ts-api-utils@https://registry.npmjs.org/ts-api-utils/-/ts-api-utils-2.5.0.tgz 0ms (cache hit)
125 http cache tinyglobby@https://registry.npmjs.org/tinyglobby/-/tinyglobby-0.2.17.tgz 0ms (cache hit)
126 http cache supports-preserve-symlinks-flag@https://registry.npmjs.org/supports-preserve-symlinks-flag/-/supports-preserve-symlinks-flag-1.0.0.tgz 0ms (cache hit)
127 http cache supports-color@https://registry.npmjs.org/supports-color/-/supports-color-7.2.0.tgz 0ms (cache hit)
128 http cache strip-json-comments@https://registry.npmjs.org/strip-json-comments/-/strip-json-comments-3.1.1.tgz 0ms (cache hit)
129 http cache shebang-regex@https://registry.npmjs.org/shebang-regex/-/shebang-regex-3.0.0.tgz 0ms (cache hit)
130 http cache semver@https://registry.npmjs.org/semver/-/semver-7.8.5.tgz 0ms (cache hit)
131 http cache rollup-plugin-dts@https://registry.npmjs.org/rollup-plugin-dts/-/rollup-plugin-dts-6.4.1.tgz 0ms (cache hit)
132 http cache rollup@https://registry.npmjs.org/rollup/-/rollup-4.62.2.tgz 0ms (cache hit)
133 http cache resolve-from@https://registry.npmjs.org/resolve-from/-/resolve-from-4.0.0.tgz 0ms (cache hit)
134 http cache resolve@https://registry.npmjs.org/resolve/-/resolve-1.22.12.tgz 0ms (cache hit)
135 http cache shebang-command@https://registry.npmjs.org/shebang-command/-/shebang-command-2.0.0.tgz 0ms (cache hit)
136 http cache punycode@https://registry.npmjs.org/punycode/-/punycode-2.3.1.tgz 0ms (cache hit)
137 http cache prelude-ls@https://registry.npmjs.org/prelude-ls/-/prelude-ls-1.2.1.tgz 0ms (cache hit)
138 http cache prettier@https://registry.npmjs.org/prettier/-/prettier-3.9.5.tgz 0ms (cache hit)
139 http cache picomatch@https://registry.npmjs.org/picomatch/-/picomatch-4.0.5.tgz 0ms (cache hit)
140 http cache picocolors@https://registry.npmjs.org/picocolors/-/picocolors-1.1.1.tgz 0ms (cache hit)
141 http cache path-parse@https://registry.npmjs.org/path-parse/-/path-parse-1.0.7.tgz 0ms (cache hit)
142 http cache path-key@https://registry.npmjs.org/path-key/-/path-key-3.1.1.tgz 0ms (cache hit)
143 http cache path-exists@https://registry.npmjs.org/path-exists/-/path-exists-4.0.0.tgz 0ms (cache hit)
144 http cache parent-module@https://registry.npmjs.org/parent-module/-/parent-module-1.0.1.tgz 0ms (cache hit)
145 http cache p-locate@https://registry.npmjs.org/p-locate/-/p-locate-5.0.0.tgz 0ms (cache hit)
146 http cache p-limit@https://registry.npmjs.org/p-limit/-/p-limit-3.1.0.tgz 0ms (cache hit)
147 http cache optionator@https://registry.npmjs.org/optionator/-/optionator-0.9.4.tgz 0ms (cache hit)
148 http cache natural-compare@https://registry.npmjs.org/natural-compare/-/natural-compare-1.4.0.tgz 0ms (cache hit)
149 http cache ms@https://registry.npmjs.org/ms/-/ms-2.1.3.tgz 0ms (cache hit)
150 http cache minimist@https://registry.npmjs.org/minimist/-/minimist-1.2.8.tgz 0ms (cache hit)
151 http cache minimatch@https://registry.npmjs.org/minimatch/-/minimatch-3.1.5.tgz 0ms (cache hit)
152 http cache magic-string@https://registry.npmjs.org/magic-string/-/magic-string-0.30.21.tgz 0ms (cache hit)
153 http cache lodash.merge@https://registry.npmjs.org/lodash.merge/-/lodash.merge-4.6.2.tgz 0ms (cache hit)
154 http cache locate-path@https://registry.npmjs.org/locate-path/-/locate-path-6.0.0.tgz 0ms (cache hit)
155 http cache lodash@https://registry.npmjs.org/lodash/-/lodash-4.18.1.tgz 0ms (cache hit)
156 http cache levn@https://registry.npmjs.org/levn/-/levn-0.4.1.tgz 0ms (cache hit)
157 http cache keyv@https://registry.npmjs.org/keyv/-/keyv-4.5.4.tgz 0ms (cache hit)
158 http cache json-schema-traverse@https://registry.npmjs.org/json-schema-traverse/-/json-schema-traverse-0.4.1.tgz 0ms (cache hit)
159 http cache json-stable-stringify-without-jsonify@https://registry.npmjs.org/json-stable-stringify-without-jsonify/-/json-stable-stringify-without-jsonify-1.0.1.tgz 0ms (cache hit)
160 http cache json-buffer@https://registry.npmjs.org/json-buffer/-/json-buffer-3.0.1.tgz 0ms (cache hit)
161 http cache js-tokens@https://registry.npmjs.org/js-tokens/-/js-tokens-4.0.0.tgz 0ms (cache hit)
162 http cache js-yaml@https://registry.npmjs.org/js-yaml/-/js-yaml-4.3.0.tgz 0ms (cache hit)
163 http cache isexe@https://registry.npmjs.org/isexe/-/isexe-2.0.0.tgz 0ms (cache hit)
164 http cache json-schema-to-typescript@https://registry.npmjs.org/json-schema-to-typescript/-/json-schema-to-typescript-15.0.4.tgz 0ms (cache hit)
165 http cache is-glob@https://registry.npmjs.org/is-glob/-/is-glob-4.0.3.tgz 0ms (cache hit)
166 http cache is-module@https://registry.npmjs.org/is-module/-/is-module-1.0.0.tgz 0ms (cache hit)
167 http cache is-core-module@https://registry.npmjs.org/is-core-module/-/is-core-module-2.16.2.tgz 0ms (cache hit)
168 http cache is-extglob@https://registry.npmjs.org/is-extglob/-/is-extglob-2.1.1.tgz 0ms (cache hit)
169 http cache import-fresh@https://registry.npmjs.org/import-fresh/-/import-fresh-3.3.1.tgz 0ms (cache hit)
170 http cache imurmurhash@https://registry.npmjs.org/imurmurhash/-/imurmurhash-0.1.4.tgz 0ms (cache hit)
171 http cache ignore@https://registry.npmjs.org/ignore/-/ignore-5.3.2.tgz 0ms (cache hit)
172 http cache hasown@https://registry.npmjs.org/hasown/-/hasown-2.0.4.tgz 0ms (cache hit)
173 http cache has-flag@https://registry.npmjs.org/has-flag/-/has-flag-4.0.0.tgz 0ms (cache hit)
174 http cache globals@https://registry.npmjs.org/globals/-/globals-14.0.0.tgz 0ms (cache hit)
175 http cache glob-parent@https://registry.npmjs.org/glob-parent/-/glob-parent-6.0.2.tgz 1ms (cache hit)
176 http cache function-bind@https://registry.npmjs.org/function-bind/-/function-bind-1.1.2.tgz 0ms (cache hit)
177 http cache fsevents@https://registry.npmjs.org/fsevents/-/fsevents-2.3.3.tgz 0ms (cache hit)
178 http cache flatted@https://registry.npmjs.org/flatted/-/flatted-3.4.2.tgz 0ms (cache hit)
179 http cache flat-cache@https://registry.npmjs.org/flat-cache/-/flat-cache-4.0.1.tgz 0ms (cache hit)
180 http cache find-up@https://registry.npmjs.org/find-up/-/find-up-5.0.0.tgz 0ms (cache hit)
181 http cache file-entry-cache@https://registry.npmjs.org/file-entry-cache/-/file-entry-cache-8.0.0.tgz 0ms (cache hit)
182 http cache fdir@https://registry.npmjs.org/fdir/-/fdir-6.5.0.tgz 0ms (cache hit)
183 http cache fast-levenshtein@https://registry.npmjs.org/fast-levenshtein/-/fast-levenshtein-2.0.6.tgz 0ms (cache hit)
184 http cache fast-json-stable-stringify@https://registry.npmjs.org/fast-json-stable-stringify/-/fast-json-stable-stringify-2.1.0.tgz 0ms (cache hit)
185 http cache fast-deep-equal@https://registry.npmjs.org/fast-deep-equal/-/fast-deep-equal-3.1.3.tgz 0ms (cache hit)
186 http cache esutils@https://registry.npmjs.org/esutils/-/esutils-2.0.3.tgz 0ms (cache hit)
187 http cache estree-walker@https://registry.npmjs.org/estree-walker/-/estree-walker-2.0.2.tgz 1ms (cache hit)
188 http cache estraverse@https://registry.npmjs.org/estraverse/-/estraverse-5.3.0.tgz 0ms (cache hit)
189 http cache esrecurse@https://registry.npmjs.org/esrecurse/-/esrecurse-4.3.0.tgz 0ms (cache hit)
190 http cache esquery@https://registry.npmjs.org/esquery/-/esquery-1.7.0.tgz 0ms (cache hit)
191 http cache espree@https://registry.npmjs.org/espree/-/espree-10.4.0.tgz 0ms (cache hit)
192 http cache eslint-visitor-keys@https://registry.npmjs.org/eslint-visitor-keys/-/eslint-visitor-keys-4.2.1.tgz 0ms (cache hit)
193 http cache eslint-scope@https://registry.npmjs.org/eslint-scope/-/eslint-scope-8.4.0.tgz 0ms (cache hit)
194 http cache eslint@https://registry.npmjs.org/eslint/-/eslint-9.39.5.tgz 0ms (cache hit)
195 http cache escape-string-regexp@https://registry.npmjs.org/escape-string-regexp/-/escape-string-regexp-4.0.0.tgz 0ms (cache hit)
196 http cache esbuild@https://registry.npmjs.org/esbuild/-/esbuild-0.28.1.tgz 0ms (cache hit)
197 http cache es-errors@https://registry.npmjs.org/es-errors/-/es-errors-1.3.0.tgz 0ms (cache hit)
198 http cache deepmerge@https://registry.npmjs.org/deepmerge/-/deepmerge-4.3.1.tgz 0ms (cache hit)
199 http cache deep-is@https://registry.npmjs.org/deep-is/-/deep-is-0.1.4.tgz 0ms (cache hit)
200 http cache debug@https://registry.npmjs.org/debug/-/debug-4.4.3.tgz 0ms (cache hit)
201 http cache cross-spawn@https://registry.npmjs.org/cross-spawn/-/cross-spawn-7.0.6.tgz 0ms (cache hit)
202 http cache convert-source-map@https://registry.npmjs.org/convert-source-map/-/convert-source-map-2.0.0.tgz 0ms (cache hit)
203 http cache color-name@https://registry.npmjs.org/color-name/-/color-name-1.1.4.tgz 0ms (cache hit)
204 http cache color-convert@https://registry.npmjs.org/color-convert/-/color-convert-2.0.1.tgz 0ms (cache hit)
205 http cache concat-map@https://registry.npmjs.org/concat-map/-/concat-map-0.0.1.tgz 0ms (cache hit)
206 http cache chalk@https://registry.npmjs.org/chalk/-/chalk-4.1.2.tgz 0ms (cache hit)
207 http cache callsites@https://registry.npmjs.org/callsites/-/callsites-3.1.0.tgz 0ms (cache hit)
208 http cache brace-expansion@https://registry.npmjs.org/brace-expansion/-/brace-expansion-1.1.16.tgz 0ms (cache hit)
209 http cache balanced-match@https://registry.npmjs.org/balanced-match/-/balanced-match-1.0.2.tgz 0ms (cache hit)
210 http cache argparse@https://registry.npmjs.org/argparse/-/argparse-2.0.1.tgz 0ms (cache hit)
211 http cache ansi-styles@https://registry.npmjs.org/ansi-styles/-/ansi-styles-4.3.0.tgz 0ms (cache hit)
212 http cache ajv@https://registry.npmjs.org/ajv/-/ajv-6.15.0.tgz 0ms (cache hit)
213 http cache acorn-jsx@https://registry.npmjs.org/acorn-jsx/-/acorn-jsx-5.3.2.tgz 0ms (cache hit)
214 http cache acorn@https://registry.npmjs.org/acorn/-/acorn-8.17.0.tgz 0ms (cache hit)
215 http cache @typescript-eslint/visitor-keys@https://registry.npmjs.org/@typescript-eslint/visitor-keys/-/visitor-keys-8.64.0.tgz 0ms (cache hit)
216 http cache @typescript-eslint/utils@https://registry.npmjs.org/@typescript-eslint/utils/-/utils-8.64.0.tgz 0ms (cache hit)
217 http cache @typescript-eslint/typescript-estree@https://registry.npmjs.org/@typescript-eslint/typescript-estree/-/typescript-estree-8.64.0.tgz 0ms (cache hit)
218 http cache @typescript-eslint/types@https://registry.npmjs.org/@typescript-eslint/types/-/types-8.64.0.tgz 0ms (cache hit)
219 http cache @typescript-eslint/type-utils@https://registry.npmjs.org/@typescript-eslint/type-utils/-/type-utils-8.64.0.tgz 0ms (cache hit)
220 http cache @typescript-eslint/tsconfig-utils@https://registry.npmjs.org/@typescript-eslint/tsconfig-utils/-/tsconfig-utils-8.64.0.tgz 0ms (cache hit)
221 http cache @typescript-eslint/scope-manager@https://registry.npmjs.org/@typescript-eslint/scope-manager/-/scope-manager-8.64.0.tgz 0ms (cache hit)
222 http cache @typescript-eslint/parser@https://registry.npmjs.org/@typescript-eslint/parser/-/parser-8.64.0.tgz 0ms (cache hit)
223 http cache @typescript-eslint/project-service@https://registry.npmjs.org/@typescript-eslint/project-service/-/project-service-8.64.0.tgz 0ms (cache hit)
224 http cache @typescript-eslint/eslint-plugin@https://registry.npmjs.org/@typescript-eslint/eslint-plugin/-/eslint-plugin-8.64.0.tgz 0ms (cache hit)
225 http cache @types/node@https://registry.npmjs.org/@types/node/-/node-26.1.1.tgz 0ms (cache hit)
226 http cache @types/resolve@https://registry.npmjs.org/@types/resolve/-/resolve-1.20.2.tgz 0ms (cache hit)
227 http cache @types/lodash@https://registry.npmjs.org/@types/lodash/-/lodash-4.17.24.tgz 0ms (cache hit)
228 http cache @types/json-schema@https://registry.npmjs.org/@types/json-schema/-/json-schema-7.0.15.tgz 0ms (cache hit)
229 http cache @types/estree@https://registry.npmjs.org/@types/estree/-/estree-1.0.9.tgz 0ms (cache hit)
230 http cache @rollup/rollup-darwin-x64@https://registry.npmjs.org/@rollup/rollup-darwin-x64/-/rollup-darwin-x64-4.62.2.tgz 0ms (cache hit)
231 http cache @rollup/pluginutils@https://registry.npmjs.org/@rollup/pluginutils/-/pluginutils-5.4.0.tgz 0ms (cache hit)
232 http cache @rollup/plugin-typescript@https://registry.npmjs.org/@rollup/plugin-typescript/-/plugin-typescript-12.3.0.tgz 0ms (cache hit)
233 http cache @rollup/plugin-node-resolve@https://registry.npmjs.org/@rollup/plugin-node-resolve/-/plugin-node-resolve-15.3.1.tgz 0ms (cache hit)
234 http cache @jsdevtools/ono@https://registry.npmjs.org/@jsdevtools/ono/-/ono-7.1.3.tgz 0ms (cache hit)
235 http cache @jridgewell/trace-mapping@https://registry.npmjs.org/@jridgewell/trace-mapping/-/trace-mapping-0.3.31.tgz 0ms (cache hit)
236 http cache @jridgewell/sourcemap-codec@https://registry.npmjs.org/@jridgewell/sourcemap-codec/-/sourcemap-codec-1.5.5.tgz 0ms (cache hit)
237 http cache @jridgewell/resolve-uri@https://registry.npmjs.org/@jridgewell/resolve-uri/-/resolve-uri-3.1.2.tgz 0ms (cache hit)
238 http cache @jridgewell/gen-mapping@https://registry.npmjs.org/@jridgewell/gen-mapping/-/gen-mapping-0.3.13.tgz 0ms (cache hit)
239 http cache @jridgewell/remapping@https://registry.npmjs.org/@jridgewell/remapping/-/remapping-2.3.5.tgz 0ms (cache hit)
240 http cache @humanwhocodes/retry@https://registry.npmjs.org/@humanwhocodes/retry/-/retry-0.4.3.tgz 0ms (cache hit)
241 http cache @humanwhocodes/module-importer@https://registry.npmjs.org/@humanwhocodes/module-importer/-/module-importer-1.0.1.tgz 0ms (cache hit)
242 http cache @humanfs/types@https://registry.npmjs.org/@humanfs/types/-/types-0.15.0.tgz 0ms (cache hit)
243 http cache @humanfs/node@https://registry.npmjs.org/@humanfs/node/-/node-0.16.8.tgz 0ms (cache hit)
244 http cache @humanfs/core@https://registry.npmjs.org/@humanfs/core/-/core-0.19.2.tgz 0ms (cache hit)
245 http cache @eslint/plugin-kit@https://registry.npmjs.org/@eslint/plugin-kit/-/plugin-kit-0.4.1.tgz 1ms (cache hit)
246 http cache @eslint/object-schema@https://registry.npmjs.org/@eslint/object-schema/-/object-schema-2.1.7.tgz 0ms (cache hit)
247 http cache @eslint/core@https://registry.npmjs.org/@eslint/core/-/core-0.17.0.tgz 0ms (cache hit)
248 http cache @eslint/eslintrc@https://registry.npmjs.org/@eslint/eslintrc/-/eslintrc-3.3.6.tgz 0ms (cache hit)
249 http cache @eslint/js@https://registry.npmjs.org/@eslint/js/-/js-9.39.5.tgz 0ms (cache hit)
250 http cache @eslint/config-helpers@https://registry.npmjs.org/@eslint/config-helpers/-/config-helpers-0.4.2.tgz 0ms (cache hit)
251 http cache @eslint/config-array@https://registry.npmjs.org/@eslint/config-array/-/config-array-0.21.2.tgz 0ms (cache hit)
252 http cache @eslint-community/regexpp@https://registry.npmjs.org/@eslint-community/regexpp/-/regexpp-4.12.2.tgz 0ms (cache hit)
253 http cache @eslint-community/eslint-utils@https://registry.npmjs.org/@eslint-community/eslint-utils/-/eslint-utils-4.9.1.tgz 0ms (cache hit)
254 http cache @esbuild/darwin-x64@https://registry.npmjs.org/@esbuild/darwin-x64/-/darwin-x64-0.28.1.tgz 0ms (cache hit)
255 http cache @babel/helper-validator-identifier@https://registry.npmjs.org/@babel/helper-validator-identifier/-/helper-validator-identifier-7.29.7.tgz 0ms (cache hit)
256 http cache @babel/code-frame@https://registry.npmjs.org/@babel/code-frame/-/code-frame-7.29.7.tgz 0ms (cache hit)
257 http cache @apidevtools/json-schema-ref-parser@https://registry.npmjs.org/@apidevtools/json-schema-ref-parser/-/json-schema-ref-parser-11.9.3.tgz 1ms (cache hit)
258 http cache eslint-visitor-keys@https://registry.npmjs.org/eslint-visitor-keys/-/eslint-visitor-keys-5.0.1.tgz 0ms (cache hit)
259 http cache ignore@https://registry.npmjs.org/ignore/-/ignore-7.0.6.tgz 0ms (cache hit)
260 http cache brace-expansion@https://registry.npmjs.org/brace-expansion/-/brace-expansion-5.0.7.tgz 0ms (cache hit)
261 http cache minimatch@https://registry.npmjs.org/minimatch/-/minimatch-10.2.5.tgz 0ms (cache hit)
262 http cache balanced-match@https://registry.npmjs.org/balanced-match/-/balanced-match-4.0.4.tgz 0ms (cache hit)
263 http cache eslint-visitor-keys@https://registry.npmjs.org/eslint-visitor-keys/-/eslint-visitor-keys-3.4.3.tgz 0ms (cache hit)
264 silly tarball no local data for yocto-queue@https://registry.npmjs.org/yocto-queue/-/yocto-queue-0.1.0.tgz. Extracting by manifest.
265 silly tarball no local data for which@https://registry.npmjs.org/which/-/which-2.0.2.tgz. Extracting by manifest.
266 silly tarball no local data for uri-js@https://registry.npmjs.org/uri-js/-/uri-js-4.4.1.tgz. Extracting by manifest.
267 silly tarball no local data for word-wrap@https://registry.npmjs.org/word-wrap/-/word-wrap-1.2.5.tgz. Extracting by manifest.
268 silly tarball no local data for undici-types@https://registry.npmjs.org/undici-types/-/undici-types-8.3.0.tgz. Extracting by manifest.
269 silly tarball no local data for typescript-eslint@https://registry.npmjs.org/typescript-eslint/-/typescript-eslint-8.64.0.tgz. Extracting by manifest.
270 silly tarball no local data for typescript@https://registry.npmjs.org/typescript/-/typescript-5.9.3.tgz. Extracting by manifest.
271 silly tarball no local data for type-check@https://registry.npmjs.org/type-check/-/type-check-0.4.0.tgz. Extracting by manifest.
272 silly tarball no local data for tslib@https://registry.npmjs.org/tslib/-/tslib-2.8.1.tgz. Extracting by manifest.
273 silly tarball no local data for tsx@https://registry.npmjs.org/tsx/-/tsx-4.23.1.tgz. Extracting by manifest.
274 silly tarball no local data for ts-api-utils@https://registry.npmjs.org/ts-api-utils/-/ts-api-utils-2.5.0.tgz. Extracting by manifest.
275 silly tarball no local data for tinyglobby@https://registry.npmjs.org/tinyglobby/-/tinyglobby-0.2.17.tgz. Extracting by manifest.
276 silly tarball no local data for supports-preserve-symlinks-flag@https://registry.npmjs.org/supports-preserve-symlinks-flag/-/supports-preserve-symlinks-flag-1.0.0.tgz. Extracting by manifest.
277 silly tarball no local data for supports-color@https://registry.npmjs.org/supports-color/-/supports-color-7.2.0.tgz. Extracting by manifest.
278 silly tarball no local data for strip-json-comments@https://registry.npmjs.org/strip-json-comments/-/strip-json-comments-3.1.1.tgz. Extracting by manifest.
279 silly tarball no local data for shebang-regex@https://registry.npmjs.org/shebang-regex/-/shebang-regex-3.0.0.tgz. Extracting by manifest.
280 silly tarball no local data for semver@https://registry.npmjs.org/semver/-/semver-7.8.5.tgz. Extracting by manifest.
281 silly tarball no local data for rollup-plugin-dts@https://registry.npmjs.org/rollup-plugin-dts/-/rollup-plugin-dts-6.4.1.tgz. Extracting by manifest.
282 silly tarball no local data for rollup@https://registry.npmjs.org/rollup/-/rollup-4.62.2.tgz. Extracting by manifest.
283 silly tarball no local data for resolve-from@https://registry.npmjs.org/resolve-from/-/resolve-from-4.0.0.tgz. Extracting by manifest.
284 silly tarball no local data for resolve@https://registry.npmjs.org/resolve/-/resolve-1.22.12.tgz. Extracting by manifest.
285 silly tarball no local data for shebang-command@https://registry.npmjs.org/shebang-command/-/shebang-command-2.0.0.tgz. Extracting by manifest.
286 silly tarball no local data for punycode@https://registry.npmjs.org/punycode/-/punycode-2.3.1.tgz. Extracting by manifest.
287 silly tarball no local data for prelude-ls@https://registry.npmjs.org/prelude-ls/-/prelude-ls-1.2.1.tgz. Extracting by manifest.
288 silly tarball no local data for prettier@https://registry.npmjs.org/prettier/-/prettier-3.9.5.tgz. Extracting by manifest.
289 silly tarball no local data for picomatch@https://registry.npmjs.org/picomatch/-/picomatch-4.0.5.tgz. Extracting by manifest.
290 silly tarball no local data for picocolors@https://registry.npmjs.org/picocolors/-/picocolors-1.1.1.tgz. Extracting by manifest.
291 silly tarball no local data for path-parse@https://registry.npmjs.org/path-parse/-/path-parse-1.0.7.tgz. Extracting by manifest.
292 silly tarball no local data for path-key@https://registry.npmjs.org/path-key/-/path-key-3.1.1.tgz. Extracting by manifest.
293 silly tarball no local data for path-exists@https://registry.npmjs.org/path-exists/-/path-exists-4.0.0.tgz. Extracting by manifest.
294 silly tarball no local data for parent-module@https://registry.npmjs.org/parent-module/-/parent-module-1.0.1.tgz. Extracting by manifest.
295 silly tarball no local data for p-locate@https://registry.npmjs.org/p-locate/-/p-locate-5.0.0.tgz. Extracting by manifest.
296 silly tarball no local data for p-limit@https://registry.npmjs.org/p-limit/-/p-limit-3.1.0.tgz. Extracting by manifest.
297 silly tarball no local data for optionator@https://registry.npmjs.org/optionator/-/optionator-0.9.4.tgz. Extracting by manifest.
298 silly tarball no local data for natural-compare@https://registry.npmjs.org/natural-compare/-/natural-compare-1.4.0.tgz. Extracting by manifest.
299 silly tarball no local data for ms@https://registry.npmjs.org/ms/-/ms-2.1.3.tgz. Extracting by manifest.
300 silly tarball no local data for minimist@https://registry.npmjs.org/minimist/-/minimist-1.2.8.tgz. Extracting by manifest.
301 silly tarball no local data for minimatch@https://registry.npmjs.org/minimatch/-/minimatch-3.1.5.tgz. Extracting by manifest.
302 silly tarball no local data for magic-string@https://registry.npmjs.org/magic-string/-/magic-string-0.30.21.tgz. Extracting by manifest.
303 silly tarball no local data for lodash.merge@https://registry.npmjs.org/lodash.merge/-/lodash.merge-4.6.2.tgz. Extracting by manifest.
304 silly tarball no local data for locate-path@https://registry.npmjs.org/locate-path/-/locate-path-6.0.0.tgz. Extracting by manifest.
305 silly tarball no local data for lodash@https://registry.npmjs.org/lodash/-/lodash-4.18.1.tgz. Extracting by manifest.
306 silly tarball no local data for levn@https://registry.npmjs.org/levn/-/levn-0.4.1.tgz. Extracting by manifest.
307 silly tarball no local data for keyv@https://registry.npmjs.org/keyv/-/keyv-4.5.4.tgz. Extracting by manifest.
308 silly tarball no local data for json-schema-traverse@https://registry.npmjs.org/json-schema-traverse/-/json-schema-traverse-0.4.1.tgz. Extracting by manifest.
309 silly tarball no local data for json-stable-stringify-without-jsonify@https://registry.npmjs.org/json-stable-stringify-without-jsonify/-/json-stable-stringify-without-jsonify-1.0.1.tgz. Extracting by manifest.
310 silly tarball no local data for json-buffer@https://registry.npmjs.org/json-buffer/-/json-buffer-3.0.1.tgz. Extracting by manifest.
311 silly tarball no local data for js-tokens@https://registry.npmjs.org/js-tokens/-/js-tokens-4.0.0.tgz. Extracting by manifest.
312 silly tarball no local data for js-yaml@https://registry.npmjs.org/js-yaml/-/js-yaml-4.3.0.tgz. Extracting by manifest.
313 silly tarball no local data for isexe@https://registry.npmjs.org/isexe/-/isexe-2.0.0.tgz. Extracting by manifest.
314 silly tarball no local data for json-schema-to-typescript@https://registry.npmjs.org/json-schema-to-typescript/-/json-schema-to-typescript-15.0.4.tgz. Extracting by manifest.
315 silly tarball no local data for is-glob@https://registry.npmjs.org/is-glob/-/is-glob-4.0.3.tgz. Extracting by manifest.
316 silly tarball no local data for is-module@https://registry.npmjs.org/is-module/-/is-module-1.0.0.tgz. Extracting by manifest.
317 silly tarball no local data for is-core-module@https://registry.npmjs.org/is-core-module/-/is-core-module-2.16.2.tgz. Extracting by manifest.
318 silly tarball no local data for is-extglob@https://registry.npmjs.org/is-extglob/-/is-extglob-2.1.1.tgz. Extracting by manifest.
319 silly tarball no local data for import-fresh@https://registry.npmjs.org/import-fresh/-/import-fresh-3.3.1.tgz. Extracting by manifest.
320 silly tarball no local data for imurmurhash@https://registry.npmjs.org/imurmurhash/-/imurmurhash-0.1.4.tgz. Extracting by manifest.
321 silly tarball no local data for ignore@https://registry.npmjs.org/ignore/-/ignore-5.3.2.tgz. Extracting by manifest.
322 silly tarball no local data for hasown@https://registry.npmjs.org/hasown/-/hasown-2.0.4.tgz. Extracting by manifest.
323 silly tarball no local data for has-flag@https://registry.npmjs.org/has-flag/-/has-flag-4.0.0.tgz. Extracting by manifest.
324 silly tarball no local data for globals@https://registry.npmjs.org/globals/-/globals-14.0.0.tgz. Extracting by manifest.
325 silly tarball no local data for glob-parent@https://registry.npmjs.org/glob-parent/-/glob-parent-6.0.2.tgz. Extracting by manifest.
326 silly tarball no local data for function-bind@https://registry.npmjs.org/function-bind/-/function-bind-1.1.2.tgz. Extracting by manifest.
327 silly tarball no local data for fsevents@https://registry.npmjs.org/fsevents/-/fsevents-2.3.3.tgz. Extracting by manifest.
328 silly tarball no local data for flatted@https://registry.npmjs.org/flatted/-/flatted-3.4.2.tgz. Extracting by manifest.
329 silly tarball no local data for flat-cache@https://registry.npmjs.org/flat-cache/-/flat-cache-4.0.1.tgz. Extracting by manifest.
330 silly tarball no local data for find-up@https://registry.npmjs.org/find-up/-/find-up-5.0.0.tgz. Extracting by manifest.
331 silly tarball no local data for file-entry-cache@https://registry.npmjs.org/file-entry-cache/-/file-entry-cache-8.0.0.tgz. Extracting by manifest.
332 silly tarball no local data for fdir@https://registry.npmjs.org/fdir/-/fdir-6.5.0.tgz. Extracting by manifest.
333 silly tarball no local data for fast-levenshtein@https://registry.npmjs.org/fast-levenshtein/-/fast-levenshtein-2.0.6.tgz. Extracting by manifest.
334 silly tarball no local data for fast-json-stable-stringify@https://registry.npmjs.org/fast-json-stable-stringify/-/fast-json-stable-stringify-2.1.0.tgz. Extracting by manifest.
335 silly tarball no local data for fast-deep-equal@https://registry.npmjs.org/fast-deep-equal/-/fast-deep-equal-3.1.3.tgz. Extracting by manifest.
336 silly tarball no local data for esutils@https://registry.npmjs.org/esutils/-/esutils-2.0.3.tgz. Extracting by manifest.
337 silly tarball no local data for estree-walker@https://registry.npmjs.org/estree-walker/-/estree-walker-2.0.2.tgz. Extracting by manifest.
338 silly tarball no local data for estraverse@https://registry.npmjs.org/estraverse/-/estraverse-5.3.0.tgz. Extracting by manifest.
339 silly tarball no local data for esrecurse@https://registry.npmjs.org/esrecurse/-/esrecurse-4.3.0.tgz. Extracting by manifest.
340 silly tarball no local data for esquery@https://registry.npmjs.org/esquery/-/esquery-1.7.0.tgz. Extracting by manifest.
341 silly tarball no local data for espree@https://registry.npmjs.org/espree/-/espree-10.4.0.tgz. Extracting by manifest.
342 silly tarball no local data for eslint-visitor-keys@https://registry.npmjs.org/eslint-visitor-keys/-/eslint-visitor-keys-4.2.1.tgz. Extracting by manifest.
343 silly tarball no local data for eslint-scope@https://registry.npmjs.org/eslint-scope/-/eslint-scope-8.4.0.tgz. Extracting by manifest.
344 silly tarball no local data for eslint@https://registry.npmjs.org/eslint/-/eslint-9.39.5.tgz. Extracting by manifest.
345 silly tarball no local data for escape-string-regexp@https://registry.npmjs.org/escape-string-regexp/-/escape-string-regexp-4.0.0.tgz. Extracting by manifest.
346 silly tarball no local data for esbuild@https://registry.npmjs.org/esbuild/-/esbuild-0.28.1.tgz. Extracting by manifest.
347 silly tarball no local data for es-errors@https://registry.npmjs.org/es-errors/-/es-errors-1.3.0.tgz. Extracting by manifest.
348 silly tarball no local data for deepmerge@https://registry.npmjs.org/deepmerge/-/deepmerge-4.3.1.tgz. Extracting by manifest.
349 silly tarball no local data for deep-is@https://registry.npmjs.org/deep-is/-/deep-is-0.1.4.tgz. Extracting by manifest.
350 silly tarball no local data for debug@https://registry.npmjs.org/debug/-/debug-4.4.3.tgz. Extracting by manifest.
351 silly tarball no local data for cross-spawn@https://registry.npmjs.org/cross-spawn/-/cross-spawn-7.0.6.tgz. Extracting by manifest.
352 silly tarball no local data for convert-source-map@https://registry.npmjs.org/convert-source-map/-/convert-source-map-2.0.0.tgz. Extracting by manifest.
353 silly tarball no local data for color-name@https://registry.npmjs.org/color-name/-/color-name-1.1.4.tgz. Extracting by manifest.
354 silly tarball no local data for color-convert@https://registry.npmjs.org/color-convert/-/color-convert-2.0.1.tgz. Extracting by manifest.
355 silly tarball no local data for concat-map@https://registry.npmjs.org/concat-map/-/concat-map-0.0.1.tgz. Extracting by manifest.
356 silly tarball no local data for chalk@https://registry.npmjs.org/chalk/-/chalk-4.1.2.tgz. Extracting by manifest.
357 silly tarball no local data for callsites@https://registry.npmjs.org/callsites/-/callsites-3.1.0.tgz. Extracting by manifest.
358 silly tarball no local data for brace-expansion@https://registry.npmjs.org/brace-expansion/-/brace-expansion-1.1.16.tgz. Extracting by manifest.
359 silly tarball no local data for balanced-match@https://registry.npmjs.org/balanced-match/-/balanced-match-1.0.2.tgz. Extracting by manifest.
360 silly tarball no local data for argparse@https://registry.npmjs.org/argparse/-/argparse-2.0.1.tgz. Extracting by manifest.
361 silly tarball no local data for ansi-styles@https://registry.npmjs.org/ansi-styles/-/ansi-styles-4.3.0.tgz. Extracting by manifest.
362 silly tarball no local data for ajv@https://registry.npmjs.org/ajv/-/ajv-6.15.0.tgz. Extracting by manifest.
363 silly tarball no local data for acorn-jsx@https://registry.npmjs.org/acorn-jsx/-/acorn-jsx-5.3.2.tgz. Extracting by manifest.
364 silly tarball no local data for acorn@https://registry.npmjs.org/acorn/-/acorn-8.17.0.tgz. Extracting by manifest.
365 silly tarball no local data for @typescript-eslint/visitor-keys@https://registry.npmjs.org/@typescript-eslint/visitor-keys/-/visitor-keys-8.64.0.tgz. Extracting by manifest.
366 silly tarball no local data for @typescript-eslint/utils@https://registry.npmjs.org/@typescript-eslint/utils/-/utils-8.64.0.tgz. Extracting by manifest.
367 silly tarball no local data for @typescript-eslint/typescript-estree@https://registry.npmjs.org/@typescript-eslint/typescript-estree/-/typescript-estree-8.64.0.tgz. Extracting by manifest.
368 silly tarball no local data for @typescript-eslint/types@https://registry.npmjs.org/@typescript-eslint/types/-/types-8.64.0.tgz. Extracting by manifest.
369 silly tarball no local data for @typescript-eslint/type-utils@https://registry.npmjs.org/@typescript-eslint/type-utils/-/type-utils-8.64.0.tgz. Extracting by manifest.
370 silly tarball no local data for @typescript-eslint/tsconfig-utils@https://registry.npmjs.org/@typescript-eslint/tsconfig-utils/-/tsconfig-utils-8.64.0.tgz. Extracting by manifest.
371 silly tarball no local data for @typescript-eslint/scope-manager@https://registry.npmjs.org/@typescript-eslint/scope-manager/-/scope-manager-8.64.0.tgz. Extracting by manifest.
372 silly tarball no local data for @typescript-eslint/parser@https://registry.npmjs.org/@typescript-eslint/parser/-/parser-8.64.0.tgz. Extracting by manifest.
373 silly tarball no local data for @typescript-eslint/project-service@https://registry.npmjs.org/@typescript-eslint/project-service/-/project-service-8.64.0.tgz. Extracting by manifest.
374 silly tarball no local data for @typescript-eslint/eslint-plugin@https://registry.npmjs.org/@typescript-eslint/eslint-plugin/-/eslint-plugin-8.64.0.tgz. Extracting by manifest.
375 silly tarball no local data for @types/node@https://registry.npmjs.org/@types/node/-/node-26.1.1.tgz. Extracting by manifest.
376 silly tarball no local data for @types/resolve@https://registry.npmjs.org/@types/resolve/-/resolve-1.20.2.tgz. Extracting by manifest.
377 silly tarball no local data for @types/lodash@https://registry.npmjs.org/@types/lodash/-/lodash-4.17.24.tgz. Extracting by manifest.
378 silly tarball no local data for @types/json-schema@https://registry.npmjs.org/@types/json-schema/-/json-schema-7.0.15.tgz. Extracting by manifest.
379 silly tarball no local data for @types/estree@https://registry.npmjs.org/@types/estree/-/estree-1.0.9.tgz. Extracting by manifest.
380 silly tarball no local data for @rollup/rollup-darwin-x64@https://registry.npmjs.org/@rollup/rollup-darwin-x64/-/rollup-darwin-x64-4.62.2.tgz. Extracting by manifest.
381 silly tarball no local data for @rollup/pluginutils@https://registry.npmjs.org/@rollup/pluginutils/-/pluginutils-5.4.0.tgz. Extracting by manifest.
382 silly tarball no local data for @rollup/plugin-typescript@https://registry.npmjs.org/@rollup/plugin-typescript/-/plugin-typescript-12.3.0.tgz. Extracting by manifest.
383 silly tarball no local data for @rollup/plugin-node-resolve@https://registry.npmjs.org/@rollup/plugin-node-resolve/-/plugin-node-resolve-15.3.1.tgz. Extracting by manifest.
384 silly tarball no local data for @jsdevtools/ono@https://registry.npmjs.org/@jsdevtools/ono/-/ono-7.1.3.tgz. Extracting by manifest.
385 silly tarball no local data for @jridgewell/trace-mapping@https://registry.npmjs.org/@jridgewell/trace-mapping/-/trace-mapping-0.3.31.tgz. Extracting by manifest.
386 silly tarball no local data for @jridgewell/sourcemap-codec@https://registry.npmjs.org/@jridgewell/sourcemap-codec/-/sourcemap-codec-1.5.5.tgz. Extracting by manifest.
387 silly tarball no local data for @jridgewell/resolve-uri@https://registry.npmjs.org/@jridgewell/resolve-uri/-/resolve-uri-3.1.2.tgz. Extracting by manifest.
388 silly tarball no local data for @jridgewell/gen-mapping@https://registry.npmjs.org/@jridgewell/gen-mapping/-/gen-mapping-0.3.13.tgz. Extracting by manifest.
389 silly tarball no local data for @jridgewell/remapping@https://registry.npmjs.org/@jridgewell/remapping/-/remapping-2.3.5.tgz. Extracting by manifest.
390 silly tarball no local data for @humanwhocodes/retry@https://registry.npmjs.org/@humanwhocodes/retry/-/retry-0.4.3.tgz. Extracting by manifest.
391 silly tarball no local data for @humanwhocodes/module-importer@https://registry.npmjs.org/@humanwhocodes/module-importer/-/module-importer-1.0.1.tgz. Extracting by manifest.
392 silly tarball no local data for @humanfs/types@https://registry.npmjs.org/@humanfs/types/-/types-0.15.0.tgz. Extracting by manifest.
393 silly tarball no local data for @humanfs/node@https://registry.npmjs.org/@humanfs/node/-/node-0.16.8.tgz. Extracting by manifest.
394 silly tarball no local data for @humanfs/core@https://registry.npmjs.org/@humanfs/core/-/core-0.19.2.tgz. Extracting by manifest.
395 silly tarball no local data for @eslint/plugin-kit@https://registry.npmjs.org/@eslint/plugin-kit/-/plugin-kit-0.4.1.tgz. Extracting by manifest.
396 silly tarball no local data for @eslint/object-schema@https://registry.npmjs.org/@eslint/object-schema/-/object-schema-2.1.7.tgz. Extracting by manifest.
397 silly tarball no local data for @eslint/core@https://registry.npmjs.org/@eslint/core/-/core-0.17.0.tgz. Extracting by manifest.
398 silly tarball no local data for @eslint/eslintrc@https://registry.npmjs.org/@eslint/eslintrc/-/eslintrc-3.3.6.tgz. Extracting by manifest.
399 silly tarball no local data for @eslint/js@https://registry.npmjs.org/@eslint/js/-/js-9.39.5.tgz. Extracting by manifest.
400 silly tarball no local data for @eslint/config-helpers@https://registry.npmjs.org/@eslint/config-helpers/-/config-helpers-0.4.2.tgz. Extracting by manifest.
401 silly tarball no local data for @eslint/config-array@https://registry.npmjs.org/@eslint/config-array/-/config-array-0.21.2.tgz. Extracting by manifest.
402 silly tarball no local data for @eslint-community/regexpp@https://registry.npmjs.org/@eslint-community/regexpp/-/regexpp-4.12.2.tgz. Extracting by manifest.
403 silly tarball no local data for @eslint-community/eslint-utils@https://registry.npmjs.org/@eslint-community/eslint-utils/-/eslint-utils-4.9.1.tgz. Extracting by manifest.
404 silly tarball no local data for @esbuild/darwin-x64@https://registry.npmjs.org/@esbuild/darwin-x64/-/darwin-x64-0.28.1.tgz. Extracting by manifest.
405 silly tarball no local data for @babel/helper-validator-identifier@https://registry.npmjs.org/@babel/helper-validator-identifier/-/helper-validator-identifier-7.29.7.tgz. Extracting by manifest.
406 silly tarball no local data for @babel/code-frame@https://registry.npmjs.org/@babel/code-frame/-/code-frame-7.29.7.tgz. Extracting by manifest.
407 silly tarball no local data for @apidevtools/json-schema-ref-parser@https://registry.npmjs.org/@apidevtools/json-schema-ref-parser/-/json-schema-ref-parser-11.9.3.tgz. Extracting by manifest.
408 silly tarball no local data for eslint-visitor-keys@https://registry.npmjs.org/eslint-visitor-keys/-/eslint-visitor-keys-5.0.1.tgz. Extracting by manifest.
409 silly tarball no local data for ignore@https://registry.npmjs.org/ignore/-/ignore-7.0.6.tgz. Extracting by manifest.
410 silly tarball no local data for brace-expansion@https://registry.npmjs.org/brace-expansion/-/brace-expansion-5.0.7.tgz. Extracting by manifest.
411 silly tarball no local data for minimatch@https://registry.npmjs.org/minimatch/-/minimatch-10.2.5.tgz. Extracting by manifest.
412 silly tarball no local data for balanced-match@https://registry.npmjs.org/balanced-match/-/balanced-match-4.0.4.tgz. Extracting by manifest.
413 silly tarball no local data for eslint-visitor-keys@https://registry.npmjs.org/eslint-visitor-keys/-/eslint-visitor-keys-3.4.3.tgz. Extracting by manifest.
414 http fetch GET 200 https://registry.npmjs.org/yocto-queue/-/yocto-queue-0.1.0.tgz 419ms (cache miss)
415 http fetch GET 200 https://registry.npmjs.org/type-check/-/type-check-0.4.0.tgz 413ms (cache miss)
416 http fetch GET 200 https://registry.npmjs.org/word-wrap/-/word-wrap-1.2.5.tgz 416ms (cache miss)
417 http fetch GET 200 https://registry.npmjs.org/which/-/which-2.0.2.tgz 417ms (cache miss)
418 http fetch GET 200 https://registry.npmjs.org/supports-color/-/supports-color-7.2.0.tgz 423ms (cache miss)
419 http fetch GET 200 https://registry.npmjs.org/tinyglobby/-/tinyglobby-0.2.17.tgz 430ms (cache miss)
420 http fetch GET 200 https://registry.npmjs.org/typescript-eslint/-/typescript-eslint-8.64.0.tgz 442ms (cache miss)
421 http fetch GET 200 https://registry.npmjs.org/tslib/-/tslib-2.8.1.tgz 442ms (cache miss)
422 http fetch GET 200 https://registry.npmjs.org/supports-preserve-symlinks-flag/-/supports-preserve-symlinks-flag-1.0.0.tgz 472ms (cache miss)
423 http fetch GET 200 https://registry.npmjs.org/ts-api-utils/-/ts-api-utils-2.5.0.tgz 475ms (cache miss)
424 http fetch GET 200 https://registry.npmjs.org/strip-json-comments/-/strip-json-comments-3.1.1.tgz 478ms (cache miss)
425 http fetch GET 200 https://registry.npmjs.org/shebang-regex/-/shebang-regex-3.0.0.tgz 477ms (cache miss)
426 http fetch GET 200 https://registry.npmjs.org/undici-types/-/undici-types-8.3.0.tgz 501ms (cache miss)
427 http fetch GET 200 https://registry.npmjs.org/punycode/-/punycode-2.3.1.tgz 510ms (cache miss)
428 http fetch GET 200 https://registry.npmjs.org/resolve-from/-/resolve-from-4.0.0.tgz 512ms (cache miss)
429 http fetch GET 200 https://registry.npmjs.org/prelude-ls/-/prelude-ls-1.2.1.tgz 518ms (cache miss)
430 http fetch GET 200 https://registry.npmjs.org/rollup-plugin-dts/-/rollup-plugin-dts-6.4.1.tgz 552ms (cache miss)
431 http fetch GET 200 https://registry.npmjs.org/path-key/-/path-key-3.1.1.tgz 651ms (cache miss)
432 http fetch GET 200 https://registry.npmjs.org/shebang-command/-/shebang-command-2.0.0.tgz 655ms (cache miss)
433 http fetch GET 200 https://registry.npmjs.org/path-parse/-/path-parse-1.0.7.tgz 655ms (cache miss)
434 http fetch GET 200 https://registry.npmjs.org/picocolors/-/picocolors-1.1.1.tgz 658ms (cache miss)
435 http fetch GET 200 https://registry.npmjs.org/path-exists/-/path-exists-4.0.0.tgz 659ms (cache miss)
436 http fetch GET 200 https://registry.npmjs.org/p-limit/-/p-limit-3.1.0.tgz 659ms (cache miss)
437 http fetch GET 200 https://registry.npmjs.org/p-locate/-/p-locate-5.0.0.tgz 662ms (cache miss)
438 http fetch GET 200 https://registry.npmjs.org/parent-module/-/parent-module-1.0.1.tgz 665ms (cache miss)
439 http fetch GET 200 https://registry.npmjs.org/natural-compare/-/natural-compare-1.4.0.tgz 666ms (cache miss)
440 http fetch GET 200 https://registry.npmjs.org/ms/-/ms-2.1.3.tgz 667ms (cache miss)
441 http fetch GET 200 https://registry.npmjs.org/picomatch/-/picomatch-4.0.5.tgz 677ms (cache miss)
442 http fetch GET 200 https://registry.npmjs.org/optionator/-/optionator-0.9.4.tgz 678ms (cache miss)
443 http fetch GET 200 https://registry.npmjs.org/tsx/-/tsx-4.23.1.tgz 708ms (cache miss)
444 http fetch GET 200 https://registry.npmjs.org/semver/-/semver-7.8.5.tgz 706ms (cache miss)
445 http fetch GET 200 https://registry.npmjs.org/minimist/-/minimist-1.2.8.tgz 706ms (cache miss)
446 http fetch GET 200 https://registry.npmjs.org/uri-js/-/uri-js-4.4.1.tgz 722ms (cache miss)
447 http fetch GET 200 https://registry.npmjs.org/magic-string/-/magic-string-0.30.21.tgz 727ms (cache miss)
448 http fetch GET 200 https://registry.npmjs.org/keyv/-/keyv-4.5.4.tgz 746ms (cache miss)
449 http fetch GET 200 https://registry.npmjs.org/locate-path/-/locate-path-6.0.0.tgz 747ms (cache miss)
450 http fetch GET 200 https://registry.npmjs.org/levn/-/levn-0.4.1.tgz 752ms (cache miss)
451 http fetch GET 200 https://registry.npmjs.org/json-schema-traverse/-/json-schema-traverse-0.4.1.tgz 762ms (cache miss)
452 http fetch POST 200 https://registry.npmjs.org/-/npm/v1/security/advisories/bulk 891ms
453 silly audit report {
453 silly audit report   'brace-expansion': [
453 silly audit report     {
453 silly audit report       id: 1124334,
453 silly audit report       url: 'https://github.com/advisories/GHSA-mh99-v99m-4gvg',
453 silly audit report       title: 'brace-expansion: DoS via unbounded expansion length causing an out-of-memory process crash',
453 silly audit report       severity: 'high',
453 silly audit report       vulnerable_versions: '<=5.0.7',
453 silly audit report       cwe: [Array],
453 silly audit report       cvss: [Object]
453 silly audit report     }
453 silly audit report   ]
453 silly audit report }
454 silly packumentCache corgi:https://registry.npmjs.org/brace-expansion cache-miss
455 http fetch GET 200 https://registry.npmjs.org/resolve/-/resolve-1.22.12.tgz 802ms (cache miss)
456 http fetch GET 200 https://registry.npmjs.org/lodash.merge/-/lodash.merge-4.6.2.tgz 820ms (cache miss)
457 http fetch GET 200 https://registry.npmjs.org/minimatch/-/minimatch-3.1.5.tgz 821ms (cache miss)
458 http fetch GET 200 https://registry.npmjs.org/json-buffer/-/json-buffer-3.0.1.tgz 820ms (cache miss)
459 http fetch GET 200 https://registry.npmjs.org/json-stable-stringify-without-jsonify/-/json-stable-stringify-without-jsonify-1.0.1.tgz 825ms (cache miss)
460 http fetch GET 200 https://registry.npmjs.org/is-glob/-/is-glob-4.0.3.tgz 878ms (cache miss)
461 http fetch GET 200 https://registry.npmjs.org/is-module/-/is-module-1.0.0.tgz 880ms (cache miss)
462 http fetch GET 200 https://registry.npmjs.org/isexe/-/isexe-2.0.0.tgz 881ms (cache miss)
463 http fetch GET 200 https://registry.npmjs.org/js-tokens/-/js-tokens-4.0.0.tgz 884ms (cache miss)
464 http fetch GET 200 https://registry.npmjs.org/import-fresh/-/import-fresh-3.3.1.tgz 910ms (cache miss)
465 http fetch GET 200 https://registry.npmjs.org/is-core-module/-/is-core-module-2.16.2.tgz 913ms (cache miss)
466 http fetch GET 200 https://registry.npmjs.org/json-schema-to-typescript/-/json-schema-to-typescript-15.0.4.tgz 949ms (cache miss)
467 http fetch GET 200 https://registry.npmjs.org/rollup/-/rollup-4.62.2.tgz 974ms (cache miss)
468 http fetch GET 200 https://registry.npmjs.org/has-flag/-/has-flag-4.0.0.tgz 988ms (cache miss)
469 http fetch GET 200 https://registry.npmjs.org/function-bind/-/function-bind-1.1.2.tgz 1007ms (cache miss)
470 http fetch GET 200 https://registry.npmjs.org/is-extglob/-/is-extglob-2.1.1.tgz 1021ms (cache miss)
471 http fetch GET 200 https://registry.npmjs.org/fsevents/-/fsevents-2.3.3.tgz 1019ms (cache miss)
472 http fetch GET 200 https://registry.npmjs.org/flatted/-/flatted-3.4.2.tgz 1083ms (cache miss)
473 http fetch GET 200 https://registry.npmjs.org/hasown/-/hasown-2.0.4.tgz 1087ms (cache miss)
474 http fetch GET 200 https://registry.npmjs.org/find-up/-/find-up-5.0.0.tgz 1148ms (cache miss)
475 http fetch GET 200 https://registry.npmjs.org/fdir/-/fdir-6.5.0.tgz 1154ms (cache miss)
476 http fetch GET 200 https://registry.npmjs.org/file-entry-cache/-/file-entry-cache-8.0.0.tgz 1156ms (cache miss)
477 http fetch GET 200 https://registry.npmjs.org/globals/-/globals-14.0.0.tgz 1159ms (cache miss)
478 http fetch GET 200 https://registry.npmjs.org/fast-levenshtein/-/fast-levenshtein-2.0.6.tgz 1156ms (cache miss)
479 http fetch GET 200 https://registry.npmjs.org/ignore/-/ignore-5.3.2.tgz 1161ms (cache miss)
480 http fetch GET 200 https://registry.npmjs.org/glob-parent/-/glob-parent-6.0.2.tgz 1170ms (cache miss)
481 http fetch GET 200 https://registry.npmjs.org/fast-json-stable-stringify/-/fast-json-stable-stringify-2.1.0.tgz 1172ms (cache miss)
482 http fetch GET 200 https://registry.npmjs.org/flat-cache/-/flat-cache-4.0.1.tgz 1197ms (cache miss)
483 http fetch GET 200 https://registry.npmjs.org/js-yaml/-/js-yaml-4.3.0.tgz 1245ms (cache miss)
484 http fetch GET 200 https://registry.npmjs.org/lodash/-/lodash-4.18.1.tgz 1258ms (cache miss)
485 http fetch GET 200 https://registry.npmjs.org/eslint-visitor-keys/-/eslint-visitor-keys-4.2.1.tgz 1265ms (cache miss)
486 http fetch GET 200 https://registry.npmjs.org/esutils/-/esutils-2.0.3.tgz 1297ms (cache miss)
487 http fetch GET 200 https://registry.npmjs.org/estraverse/-/estraverse-5.3.0.tgz 1353ms (cache miss)
488 http fetch GET 200 https://registry.npmjs.org/es-errors/-/es-errors-1.3.0.tgz 1374ms (cache miss)
489 http fetch GET 200 https://registry.npmjs.org/esrecurse/-/esrecurse-4.3.0.tgz 1383ms (cache miss)
490 http fetch GET 200 https://registry.npmjs.org/deepmerge/-/deepmerge-4.3.1.tgz 1387ms (cache miss)
491 http fetch GET 200 https://registry.npmjs.org/eslint-scope/-/eslint-scope-8.4.0.tgz 1415ms (cache miss)
492 http fetch GET 200 https://registry.npmjs.org/escape-string-regexp/-/escape-string-regexp-4.0.0.tgz 1429ms (cache miss)
493 http fetch GET 200 https://registry.npmjs.org/esbuild/-/esbuild-0.28.1.tgz 1466ms (cache miss)
494 http fetch GET 200 https://registry.npmjs.org/espree/-/espree-10.4.0.tgz 1470ms (cache miss)
495 http fetch GET 200 https://registry.npmjs.org/esquery/-/esquery-1.7.0.tgz 1480ms (cache miss)
496 http fetch GET 200 https://registry.npmjs.org/deep-is/-/deep-is-0.1.4.tgz 1479ms (cache miss)
497 http fetch GET 200 https://registry.npmjs.org/convert-source-map/-/convert-source-map-2.0.0.tgz 1489ms (cache miss)
498 http fetch GET 200 https://registry.npmjs.org/debug/-/debug-4.4.3.tgz 1493ms (cache miss)
499 http fetch GET 200 https://registry.npmjs.org/cross-spawn/-/cross-spawn-7.0.6.tgz 1500ms (cache miss)
500 http fetch GET 200 https://registry.npmjs.org/color-name/-/color-name-1.1.4.tgz 1507ms (cache miss)
501 http fetch GET 200 https://registry.npmjs.org/fast-deep-equal/-/fast-deep-equal-3.1.3.tgz 1531ms (cache miss)
502 http fetch GET 200 https://registry.npmjs.org/concat-map/-/concat-map-0.0.1.tgz 1558ms (cache miss)
503 http fetch GET 200 https://registry.npmjs.org/color-convert/-/color-convert-2.0.1.tgz 1661ms (cache miss)
504 http fetch GET 200 https://registry.npmjs.org/chalk/-/chalk-4.1.2.tgz 1665ms (cache miss)
505 http fetch GET 200 https://registry.npmjs.org/callsites/-/callsites-3.1.0.tgz 1665ms (cache miss)
506 http fetch GET 200 https://registry.npmjs.org/balanced-match/-/balanced-match-1.0.2.tgz 1668ms (cache miss)
507 http fetch GET 200 https://registry.npmjs.org/ansi-styles/-/ansi-styles-4.3.0.tgz 1769ms (cache miss)
508 http fetch GET 200 https://registry.npmjs.org/acorn-jsx/-/acorn-jsx-5.3.2.tgz 1837ms (cache miss)
509 http fetch GET 200 https://registry.npmjs.org/argparse/-/argparse-2.0.1.tgz 1881ms (cache miss)
510 http fetch GET 200 https://registry.npmjs.org/estree-walker/-/estree-walker-2.0.2.tgz 1930ms (cache miss)
511 http fetch GET 200 https://registry.npmjs.org/@typescript-eslint/type-utils/-/type-utils-8.64.0.tgz 1982ms (cache miss)
512 http fetch GET 200 https://registry.npmjs.org/acorn/-/acorn-8.17.0.tgz 1990ms (cache miss)
513 http fetch GET 200 https://registry.npmjs.org/ajv/-/ajv-6.15.0.tgz 2026ms (cache miss)
514 http fetch GET 200 https://registry.npmjs.org/@typescript-eslint/visitor-keys/-/visitor-keys-8.64.0.tgz 2039ms (cache miss)
515 http fetch GET 200 https://registry.npmjs.org/@typescript-eslint/tsconfig-utils/-/tsconfig-utils-8.64.0.tgz 2038ms (cache miss)
516 http fetch GET 200 https://registry.npmjs.org/brace-expansion/-/brace-expansion-1.1.16.tgz 2052ms (cache miss)
517 http fetch GET 200 https://registry.npmjs.org/@typescript-eslint/typescript-estree/-/typescript-estree-8.64.0.tgz 2069ms (cache miss)
518 http fetch GET 200 https://registry.npmjs.org/eslint/-/eslint-9.39.5.tgz 2077ms (cache miss)
519 http fetch GET 200 https://registry.npmjs.org/@typescript-eslint/parser/-/parser-8.64.0.tgz 2073ms (cache miss)
520 http fetch GET 200 https://registry.npmjs.org/@types/resolve/-/resolve-1.20.2.tgz 2129ms (cache miss)
521 http fetch GET 200 https://registry.npmjs.org/@typescript-eslint/project-service/-/project-service-8.64.0.tgz 2148ms (cache miss)
522 http fetch GET 200 https://registry.npmjs.org/imurmurhash/-/imurmurhash-0.1.4.tgz 2199ms (cache miss)
523 http fetch GET 200 https://registry.npmjs.org/@types/json-schema/-/json-schema-7.0.15.tgz 2220ms (cache miss)
524 http fetch GET 200 https://registry.npmjs.org/@rollup/pluginutils/-/pluginutils-5.4.0.tgz 2233ms (cache miss)
525 http fetch GET 200 https://registry.npmjs.org/typescript/-/typescript-5.9.3.tgz 2270ms (cache miss)
526 http fetch GET 200 https://registry.npmjs.org/@types/estree/-/estree-1.0.9.tgz 2282ms (cache miss)
527 http fetch GET 200 https://registry.npmjs.org/@rollup/plugin-typescript/-/plugin-typescript-12.3.0.tgz 2287ms (cache miss)
528 http fetch GET 200 https://registry.npmjs.org/@typescript-eslint/utils/-/utils-8.64.0.tgz 2297ms (cache miss)
529 http fetch GET 200 https://registry.npmjs.org/@typescript-eslint/types/-/types-8.64.0.tgz 2332ms (cache miss)
530 http fetch GET 200 https://registry.npmjs.org/@rollup/plugin-node-resolve/-/plugin-node-resolve-15.3.1.tgz 2330ms (cache miss)
531 http fetch GET 200 https://registry.npmjs.org/@jsdevtools/ono/-/ono-7.1.3.tgz 2364ms (cache miss)
532 http fetch GET 200 https://registry.npmjs.org/@jridgewell/trace-mapping/-/trace-mapping-0.3.31.tgz 2365ms (cache miss)
533 http fetch GET 200 https://registry.npmjs.org/@humanwhocodes/retry/-/retry-0.4.3.tgz 2397ms (cache miss)
534 http fetch GET 200 https://registry.npmjs.org/@jridgewell/remapping/-/remapping-2.3.5.tgz 2398ms (cache miss)
535 http fetch GET 200 https://registry.npmjs.org/@jridgewell/resolve-uri/-/resolve-uri-3.1.2.tgz 2410ms (cache miss)
536 http fetch GET 200 https://registry.npmjs.org/@jridgewell/sourcemap-codec/-/sourcemap-codec-1.5.5.tgz 2417ms (cache miss)
537 http fetch GET 200 https://registry.npmjs.org/@typescript-eslint/scope-manager/-/scope-manager-8.64.0.tgz 2421ms (cache miss)
538 http fetch GET 200 https://registry.npmjs.org/@types/lodash/-/lodash-4.17.24.tgz 2421ms (cache miss)
539 http fetch GET 200 https://registry.npmjs.org/@humanfs/types/-/types-0.15.0.tgz 2450ms (cache miss)
540 http fetch GET 200 https://registry.npmjs.org/@eslint/object-schema/-/object-schema-2.1.7.tgz 2485ms (cache miss)
541 http fetch GET 200 https://registry.npmjs.org/@humanwhocodes/module-importer/-/module-importer-1.0.1.tgz 2517ms (cache miss)
542 http fetch GET 200 https://registry.npmjs.org/@humanfs/core/-/core-0.19.2.tgz 2598ms (cache miss)
543 http fetch GET 200 https://registry.npmjs.org/@eslint/core/-/core-0.17.0.tgz 2615ms (cache miss)
544 http fetch GET 200 https://registry.npmjs.org/@eslint/config-helpers/-/config-helpers-0.4.2.tgz 2661ms (cache miss)
545 http fetch GET 200 https://registry.npmjs.org/@eslint/js/-/js-9.39.5.tgz 2883ms (cache miss)
546 http fetch GET 200 https://registry.npmjs.org/@babel/code-frame/-/code-frame-7.29.7.tgz 2884ms (cache miss)
547 http fetch GET 200 https://registry.npmjs.org/@babel/helper-validator-identifier/-/helper-validator-identifier-7.29.7.tgz 2885ms (cache miss)
548 http fetch GET 200 https://registry.npmjs.org/@eslint/eslintrc/-/eslintrc-3.3.6.tgz 2912ms (cache miss)
549 http fetch GET 200 https://registry.npmjs.org/eslint-visitor-keys/-/eslint-visitor-keys-5.0.1.tgz 3030ms (cache miss)
550 http fetch GET 200 https://registry.npmjs.org/@eslint/config-array/-/config-array-0.21.2.tgz 3072ms (cache miss)
551 http fetch GET 200 https://registry.npmjs.org/@rollup/rollup-darwin-x64/-/rollup-darwin-x64-4.62.2.tgz 3105ms (cache miss)
552 http fetch GET 200 https://registry.npmjs.org/@humanfs/node/-/node-0.16.8.tgz 3103ms (cache miss)
553 http fetch GET 200 https://registry.npmjs.org/ignore/-/ignore-7.0.6.tgz 3120ms (cache miss)
554 http fetch GET 200 https://registry.npmjs.org/@jridgewell/gen-mapping/-/gen-mapping-0.3.13.tgz 3129ms (cache miss)
555 http fetch GET 200 https://registry.npmjs.org/@eslint-community/regexpp/-/regexpp-4.12.2.tgz 3126ms (cache miss)
556 http fetch GET 200 https://registry.npmjs.org/prettier/-/prettier-3.9.5.tgz 3166ms (cache miss)
557 http fetch GET 200 https://registry.npmjs.org/@types/node/-/node-26.1.1.tgz 3154ms (cache miss)
558 http fetch GET 200 https://registry.npmjs.org/@typescript-eslint/eslint-plugin/-/eslint-plugin-8.64.0.tgz 3163ms (cache miss)
559 http fetch GET 200 https://registry.npmjs.org/balanced-match/-/balanced-match-4.0.4.tgz 3190ms (cache miss)
560 http fetch GET 200 https://registry.npmjs.org/eslint-visitor-keys/-/eslint-visitor-keys-3.4.3.tgz 3190ms (cache miss)
561 http fetch GET 200 https://registry.npmjs.org/brace-expansion 2445ms (cache miss)
562 silly packumentCache corgi:https://registry.npmjs.org/brace-expansion set size:undefined disposed:false
563 silly packumentCache corgi:https://registry.npmjs.org/minimatch cache-miss
564 http fetch GET 200 https://registry.npmjs.org/brace-expansion/-/brace-expansion-5.0.7.tgz 3206ms (cache miss)
565 http fetch GET 200 https://registry.npmjs.org/@eslint/plugin-kit/-/plugin-kit-0.4.1.tgz 3244ms (cache miss)
566 http fetch GET 200 https://registry.npmjs.org/@eslint-community/eslint-utils/-/eslint-utils-4.9.1.tgz 3542ms (cache miss)
567 http fetch GET 200 https://registry.npmjs.org/minimatch 417ms (cache miss)
568 silly packumentCache corgi:https://registry.npmjs.org/minimatch set size:undefined disposed:false
569 silly packumentCache corgi:https://registry.npmjs.org/@eslint%2fconfig-array cache-miss
570 silly packumentCache corgi:https://registry.npmjs.org/@eslint%2feslintrc cache-miss
571 silly packumentCache corgi:https://registry.npmjs.org/eslint cache-miss
572 http fetch GET 200 https://registry.npmjs.org/@apidevtools/json-schema-ref-parser/-/json-schema-ref-parser-11.9.3.tgz 3647ms (cache miss)
573 http fetch GET 200 https://registry.npmjs.org/@eslint%2fconfig-array 135ms (cache miss)
574 silly packumentCache corgi:https://registry.npmjs.org/@eslint%2fconfig-array set size:undefined disposed:false
575 http fetch GET 200 https://registry.npmjs.org/@eslint%2feslintrc 198ms (cache miss)
576 silly packumentCache corgi:https://registry.npmjs.org/@eslint%2feslintrc set size:undefined disposed:false
577 http fetch GET 200 https://registry.npmjs.org/eslint 343ms (cache miss)
578 silly packumentCache corgi:https://registry.npmjs.org/eslint set size:undefined disposed:false
579 silly packumentCache corgi:https://registry.npmjs.org/@eslint-community%2feslint-utils cache-miss
580 silly packumentCache corgi:https://registry.npmjs.org/@typescript-eslint%2feslint-plugin cache-miss
581 silly packumentCache corgi:https://registry.npmjs.org/@typescript-eslint%2fparser cache-miss
582 silly packumentCache corgi:https://registry.npmjs.org/@typescript-eslint%2ftype-utils cache-miss
583 silly packumentCache corgi:https://registry.npmjs.org/@typescript-eslint%2futils cache-miss
584 silly packumentCache corgi:https://registry.npmjs.org/typescript-eslint cache-miss
585 http fetch GET 200 https://registry.npmjs.org/@eslint-community%2feslint-utils 133ms (cache miss)
586 silly packumentCache corgi:https://registry.npmjs.org/@eslint-community%2feslint-utils set size:undefined disposed:false
587 http fetch GET 200 https://registry.npmjs.org/typescript-eslint 394ms (cache miss)
588 silly packumentCache corgi:https://registry.npmjs.org/typescript-eslint set size:undefined disposed:false
589 http fetch GET 200 https://registry.npmjs.org/@esbuild/darwin-x64/-/darwin-x64-0.28.1.tgz 5023ms (cache miss)
590 http fetch GET 200 https://registry.npmjs.org/@typescript-eslint%2futils 1353ms (cache miss)
591 silly packumentCache corgi:https://registry.npmjs.org/@typescript-eslint%2futils set size:undefined disposed:false
592 http fetch GET 200 https://registry.npmjs.org/minimatch/-/minimatch-10.2.5.tgz 5588ms (cache miss)
593 info run esbuild@0.28.1 postinstall node_modules/esbuild node install.js
594 info run esbuild@0.28.1 postinstall { code: 0, signal: null }
595 http fetch GET 200 https://registry.npmjs.org/@typescript-eslint%2fparser 2792ms (cache miss)
596 silly packumentCache corgi:https://registry.npmjs.org/@typescript-eslint%2fparser set size:undefined disposed:false
597 http fetch GET 200 https://registry.npmjs.org/@typescript-eslint%2ftype-utils 3142ms (cache miss)
598 silly packumentCache corgi:https://registry.npmjs.org/@typescript-eslint%2ftype-utils set size:undefined disposed:false
599 http fetch GET 200 https://registry.npmjs.org/@typescript-eslint%2feslint-plugin 5901ms (cache miss)
600 silly packumentCache corgi:https://registry.npmjs.org/@typescript-eslint%2feslint-plugin set size:undefined disposed:false
601 silly ADD node_modules/yocto-queue
602 silly ADD node_modules/word-wrap
603 silly ADD node_modules/which
604 silly ADD node_modules/uri-js
605 silly ADD node_modules/undici-types
606 silly ADD node_modules/typescript-eslint
607 silly ADD node_modules/typescript
608 silly ADD node_modules/type-check
609 silly ADD node_modules/tsx
610 silly ADD node_modules/tslib
611 silly ADD node_modules/ts-api-utils
612 silly ADD node_modules/tinyglobby
613 silly ADD node_modules/supports-preserve-symlinks-flag
614 silly ADD node_modules/supports-color
615 silly ADD node_modules/strip-json-comments
616 silly ADD node_modules/shebang-regex
617 silly ADD node_modules/shebang-command
618 silly ADD node_modules/semver
619 silly ADD node_modules/rollup-plugin-dts
620 silly ADD node_modules/rollup
621 silly ADD node_modules/resolve-from
622 silly ADD node_modules/resolve
623 silly ADD node_modules/punycode
624 silly ADD node_modules/prettier
625 silly ADD node_modules/prelude-ls
626 silly ADD node_modules/picomatch
627 silly ADD node_modules/picocolors
628 silly ADD node_modules/path-parse
629 silly ADD node_modules/path-key
630 silly ADD node_modules/path-exists
631 silly ADD node_modules/parent-module
632 silly ADD node_modules/p-locate
633 silly ADD node_modules/p-limit
634 silly ADD node_modules/optionator
635 silly ADD node_modules/natural-compare
636 silly ADD node_modules/ms
637 silly ADD node_modules/minimist
638 silly ADD node_modules/minimatch
639 silly ADD node_modules/magic-string
640 silly ADD node_modules/lodash.merge
641 silly ADD node_modules/lodash
642 silly ADD node_modules/locate-path
643 silly ADD node_modules/levn
644 silly ADD node_modules/keyv
645 silly ADD node_modules/json-stable-stringify-without-jsonify
646 silly ADD node_modules/json-schema-traverse
647 silly ADD node_modules/json-schema-to-typescript
648 silly ADD node_modules/json-buffer
649 silly ADD node_modules/js-yaml
650 silly ADD node_modules/js-tokens
651 silly ADD node_modules/isexe
652 silly ADD node_modules/is-module
653 silly ADD node_modules/is-glob
654 silly ADD node_modules/is-extglob
655 silly ADD node_modules/is-core-module
656 silly ADD node_modules/imurmurhash
657 silly ADD node_modules/import-fresh
658 silly ADD node_modules/ignore
659 silly ADD node_modules/hasown
660 silly ADD node_modules/has-flag
661 silly ADD node_modules/globals
662 silly ADD node_modules/glob-parent
663 silly ADD node_modules/function-bind
664 silly ADD node_modules/fsevents
665 silly ADD node_modules/flatted
666 silly ADD node_modules/flat-cache
667 silly ADD node_modules/find-up
668 silly ADD node_modules/file-entry-cache
669 silly ADD node_modules/fdir
670 silly ADD node_modules/fast-levenshtein
671 silly ADD node_modules/fast-json-stable-stringify
672 silly ADD node_modules/fast-deep-equal
673 silly ADD node_modules/esutils
674 silly ADD node_modules/estree-walker
675 silly ADD node_modules/estraverse
676 silly ADD node_modules/esrecurse
677 silly ADD node_modules/esquery
678 silly ADD node_modules/espree
679 silly ADD node_modules/eslint-visitor-keys
680 silly ADD node_modules/eslint-scope
681 silly ADD node_modules/eslint
682 silly ADD node_modules/escape-string-regexp
683 silly ADD node_modules/esbuild
684 silly ADD node_modules/es-errors
685 silly ADD node_modules/deepmerge
686 silly ADD node_modules/deep-is
687 silly ADD node_modules/debug
688 silly ADD node_modules/cross-spawn
689 silly ADD node_modules/convert-source-map
690 silly ADD node_modules/concat-map
691 silly ADD node_modules/color-name
692 silly ADD node_modules/color-convert
693 silly ADD node_modules/chalk
694 silly ADD node_modules/callsites
695 silly ADD node_modules/brace-expansion
696 silly ADD node_modules/balanced-match
697 silly ADD node_modules/argparse
698 silly ADD node_modules/ansi-styles
699 silly ADD node_modules/ajv
700 silly ADD node_modules/acorn-jsx
701 silly ADD node_modules/acorn
702 silly ADD node_modules/@typescript-eslint/visitor-keys
703 silly ADD node_modules/@typescript-eslint/visitor-keys/node_modules/eslint-visitor-keys
704 silly ADD node_modules/@typescript-eslint/utils
705 silly ADD node_modules/@typescript-eslint/typescript-estree
706 silly ADD node_modules/@typescript-eslint/typescript-estree/node_modules/minimatch
707 silly ADD node_modules/@typescript-eslint/typescript-estree/node_modules/brace-expansion
708 silly ADD node_modules/@typescript-eslint/typescript-estree/node_modules/balanced-match
709 silly ADD node_modules/@typescript-eslint/types
710 silly ADD node_modules/@typescript-eslint/type-utils
711 silly ADD node_modules/@typescript-eslint/tsconfig-utils
712 silly ADD node_modules/@typescript-eslint/scope-manager
713 silly ADD node_modules/@typescript-eslint/project-service
714 silly ADD node_modules/@typescript-eslint/parser
715 silly ADD node_modules/@typescript-eslint/eslint-plugin
716 silly ADD node_modules/@typescript-eslint/eslint-plugin/node_modules/ignore
717 silly ADD node_modules/@types/resolve
718 silly ADD node_modules/@types/node
719 silly ADD node_modules/@types/lodash
720 silly ADD node_modules/@types/json-schema
721 silly ADD node_modules/@types/estree
722 silly ADD
723 silly ADD
724 silly ADD
725 silly ADD
726 silly ADD
727 silly ADD
728 silly ADD
729 silly ADD
730 silly ADD
731 silly ADD
732 silly ADD
733 silly ADD
734 silly ADD
735 silly ADD
736 silly ADD
737 silly ADD
738 silly ADD
739 silly ADD
740 silly ADD
741 silly ADD
742 silly ADD
743 silly ADD node_modules/@rollup/rollup-darwin-x64
744 silly ADD
745 silly ADD
746 silly ADD
747 silly ADD node_modules/@rollup/pluginutils
748 silly ADD node_modules/@rollup/plugin-typescript
749 silly ADD node_modules/@rollup/plugin-node-resolve
750 silly ADD node_modules/@jsdevtools/ono
751 silly ADD node_modules/@jridgewell/trace-mapping
752 silly ADD node_modules/@jridgewell/sourcemap-codec
753 silly ADD node_modules/@jridgewell/resolve-uri
754 silly ADD node_modules/@jridgewell/remapping
755 silly ADD node_modules/@jridgewell/gen-mapping
756 silly ADD node_modules/@humanwhocodes/retry
757 silly ADD node_modules/@humanwhocodes/module-importer
758 silly ADD node_modules/@humanfs/types
759 silly ADD node_modules/@humanfs/node
760 silly ADD node_modules/@humanfs/core
761 silly ADD node_modules/@eslint/plugin-kit
762 silly ADD node_modules/@eslint/object-schema
763 silly ADD node_modules/@eslint/js
764 silly ADD node_modules/@eslint/eslintrc
765 silly ADD node_modules/@eslint/core
766 silly ADD node_modules/@eslint/config-helpers
767 silly ADD node_modules/@eslint/config-array
768 silly ADD node_modules/@eslint-community/regexpp
769 silly ADD node_modules/@eslint-community/eslint-utils
770 silly ADD node_modules/@eslint-community/eslint-utils/node_modules/eslint-visitor-keys
771 silly ADD
772 silly ADD
773 silly ADD
774 silly ADD
775 silly ADD
776 silly ADD
777 silly ADD
778 silly ADD
779 silly ADD
780 silly ADD
781 silly ADD
782 silly ADD
783 silly ADD
784 silly ADD
785 silly ADD
786 silly ADD
787 silly ADD
788 silly ADD
789 silly ADD
790 silly ADD
791 silly ADD node_modules/@esbuild/darwin-x64
792 silly ADD
793 silly ADD
794 silly ADD
795 silly ADD
796 silly ADD
797 silly ADD node_modules/@babel/helper-validator-identifier
798 silly ADD node_modules/@babel/code-frame
799 silly ADD node_modules/@apidevtools/json-schema-ref-parser
800 verbose cwd /Users/a6/Desktop/TRPG-agent-integration-mvp/trpg-sdk
801 verbose os Darwin 24.6.0
802 verbose node v22.23.1
803 verbose npm  v10.9.8
804 verbose exit 0
805 info ok
